<!doctype html public "-//w3c//dtd html 4.0 transitional//en">
<html><head>
<title>Static Call Graph - [.\Objects\progetto.axf]</title></head>
<body><HR>
<H1>Static Call Graph for image .\Objects\progetto.axf</H1><HR>
<BR><P>#&#060CALLGRAPH&#062# ARM Linker, 6150002: Last Updated: Tue Mar  1 17:24:47 2022
<BR><P>
<H3>Maximum Stack Usage =        324 bytes + Unknown(Functions without stacksize, Cycles, Untraceable Function Pointers)</H3><H3>
Call chain for Maximum Stack Depth:</H3>
_printf_f &rArr; _printf_fp_dec &rArr; _printf_fp_dec_real &rArr; _fp_digits &rArr; _btod_etento &rArr; _btod_emul &rArr; _e2e
<P>
<H3>
Functions with no stack information
</H3><UL>
 <LI><a href="#[6e]">__user_initial_stackheap</a>
</UL>
</UL>
<P>
<H3>
Mutually Recursive functions
</H3> <LI><a href="#[1]">NMI_Handler</a>&nbsp;&nbsp;&nbsp;&rArr;&nbsp;&nbsp;&nbsp;<a href="#[1]">NMI_Handler</a><BR>
 <LI><a href="#[2]">HardFault_Handler</a>&nbsp;&nbsp;&nbsp;&rArr;&nbsp;&nbsp;&nbsp;<a href="#[2]">HardFault_Handler</a><BR>
 <LI><a href="#[3]">MemManage_Handler</a>&nbsp;&nbsp;&nbsp;&rArr;&nbsp;&nbsp;&nbsp;<a href="#[3]">MemManage_Handler</a><BR>
 <LI><a href="#[4]">BusFault_Handler</a>&nbsp;&nbsp;&nbsp;&rArr;&nbsp;&nbsp;&nbsp;<a href="#[4]">BusFault_Handler</a><BR>
 <LI><a href="#[5]">UsageFault_Handler</a>&nbsp;&nbsp;&nbsp;&rArr;&nbsp;&nbsp;&nbsp;<a href="#[5]">UsageFault_Handler</a><BR>
 <LI><a href="#[7]">DebugMon_Handler</a>&nbsp;&nbsp;&nbsp;&rArr;&nbsp;&nbsp;&nbsp;<a href="#[7]">DebugMon_Handler</a><BR>
 <LI><a href="#[1c]">ADC1_2_IRQHandler</a>&nbsp;&nbsp;&nbsp;&rArr;&nbsp;&nbsp;&nbsp;<a href="#[1c]">ADC1_2_IRQHandler</a><BR>
 <LI><a href="#[62]">MotoreStartTask</a>&nbsp;&nbsp;&nbsp;&rArr;&nbsp;&nbsp;&nbsp;<a href="#[62]">MotoreStartTask</a><BR>
 <LI><a href="#[63]">MotoreStopTask</a>&nbsp;&nbsp;&nbsp;&rArr;&nbsp;&nbsp;&nbsp;<a href="#[63]">MotoreStopTask</a><BR>
</UL>
<P>
<H3>
Function Pointers
</H3><UL>
 <LI><a href="#[1c]">ADC1_2_IRQHandler</a> from startup_stm32l476xx.o(.text) referenced from startup_stm32l476xx.o(RESET)
 <LI><a href="#[39]">ADC3_IRQHandler</a> from startup_stm32l476xx.o(.text) referenced from startup_stm32l476xx.o(RESET)
 <LI><a href="#[4]">BusFault_Handler</a> from startup_stm32l476xx.o(.text) referenced from startup_stm32l476xx.o(RESET)
 <LI><a href="#[5f]">BuzzerTask</a> from buzzer.o(.text.BuzzerTask) referenced 2 times from buzzer.o(.text.BuzzerInit)
 <LI><a href="#[1e]">CAN1_RX0_IRQHandler</a> from startup_stm32l476xx.o(.text) referenced from startup_stm32l476xx.o(RESET)
 <LI><a href="#[1f]">CAN1_RX1_IRQHandler</a> from startup_stm32l476xx.o(.text) referenced from startup_stm32l476xx.o(RESET)
 <LI><a href="#[20]">CAN1_SCE_IRQHandler</a> from startup_stm32l476xx.o(.text) referenced from startup_stm32l476xx.o(RESET)
 <LI><a href="#[1d]">CAN1_TX_IRQHandler</a> from startup_stm32l476xx.o(.text) referenced from startup_stm32l476xx.o(RESET)
 <LI><a href="#[4a]">COMP_IRQHandler</a> from startup_stm32l476xx.o(.text) referenced from startup_stm32l476xx.o(RESET)
 <LI><a href="#[47]">DFSDM1_FLT0_IRQHandler</a> from startup_stm32l476xx.o(.text) referenced from startup_stm32l476xx.o(RESET)
 <LI><a href="#[48]">DFSDM1_FLT1_IRQHandler</a> from startup_stm32l476xx.o(.text) referenced from startup_stm32l476xx.o(RESET)
 <LI><a href="#[49]">DFSDM1_FLT2_IRQHandler</a> from startup_stm32l476xx.o(.text) referenced from startup_stm32l476xx.o(RESET)
 <LI><a href="#[34]">DFSDM1_FLT3_IRQHandler</a> from startup_stm32l476xx.o(.text) referenced from startup_stm32l476xx.o(RESET)
 <LI><a href="#[15]">DMA1_Channel1_IRQHandler</a> from startup_stm32l476xx.o(.text) referenced from startup_stm32l476xx.o(RESET)
 <LI><a href="#[16]">DMA1_Channel2_IRQHandler</a> from startup_stm32l476xx.o(.text) referenced from startup_stm32l476xx.o(RESET)
 <LI><a href="#[17]">DMA1_Channel3_IRQHandler</a> from startup_stm32l476xx.o(.text) referenced from startup_stm32l476xx.o(RESET)
 <LI><a href="#[18]">DMA1_Channel4_IRQHandler</a> from startup_stm32l476xx.o(.text) referenced from startup_stm32l476xx.o(RESET)
 <LI><a href="#[19]">DMA1_Channel5_IRQHandler</a> from startup_stm32l476xx.o(.text) referenced from startup_stm32l476xx.o(RESET)
 <LI><a href="#[1a]">DMA1_Channel6_IRQHandler</a> from startup_stm32l476xx.o(.text) referenced from startup_stm32l476xx.o(RESET)
 <LI><a href="#[1b]">DMA1_Channel7_IRQHandler</a> from startup_stm32l476xx.o(.text) referenced from startup_stm32l476xx.o(RESET)
 <LI><a href="#[42]">DMA2_Channel1_IRQHandler</a> from startup_stm32l476xx.o(.text) referenced from startup_stm32l476xx.o(RESET)
 <LI><a href="#[43]">DMA2_Channel2_IRQHandler</a> from startup_stm32l476xx.o(.text) referenced from startup_stm32l476xx.o(RESET)
 <LI><a href="#[44]">DMA2_Channel3_IRQHandler</a> from startup_stm32l476xx.o(.text) referenced from startup_stm32l476xx.o(RESET)
 <LI><a href="#[45]">DMA2_Channel4_IRQHandler</a> from startup_stm32l476xx.o(.text) referenced from startup_stm32l476xx.o(RESET)
 <LI><a href="#[46]">DMA2_Channel5_IRQHandler</a> from startup_stm32l476xx.o(.text) referenced from startup_stm32l476xx.o(RESET)
 <LI><a href="#[4e]">DMA2_Channel6_IRQHandler</a> from startup_stm32l476xx.o(.text) referenced from startup_stm32l476xx.o(RESET)
 <LI><a href="#[4f]">DMA2_Channel7_IRQHandler</a> from startup_stm32l476xx.o(.text) referenced from startup_stm32l476xx.o(RESET)
 <LI><a href="#[7]">DebugMon_Handler</a> from startup_stm32l476xx.o(.text) referenced from startup_stm32l476xx.o(RESET)
 <LI><a href="#[10]">EXTI0_IRQHandler</a> from startup_stm32l476xx.o(.text) referenced from startup_stm32l476xx.o(RESET)
 <LI><a href="#[32]">EXTI15_10_IRQHandler</a> from startup_stm32l476xx.o(.text) referenced from startup_stm32l476xx.o(RESET)
 <LI><a href="#[11]">EXTI1_IRQHandler</a> from startup_stm32l476xx.o(.text) referenced from startup_stm32l476xx.o(RESET)
 <LI><a href="#[12]">EXTI2_IRQHandler</a> from startup_stm32l476xx.o(.text) referenced from startup_stm32l476xx.o(RESET)
 <LI><a href="#[13]">EXTI3_IRQHandler</a> from startup_stm32l476xx.o(.text) referenced from startup_stm32l476xx.o(RESET)
 <LI><a href="#[14]">EXTI4_IRQHandler</a> from startup_stm32l476xx.o(.text) referenced from startup_stm32l476xx.o(RESET)
 <LI><a href="#[21]">EXTI9_5_IRQHandler</a> from startup_stm32l476xx.o(.text) referenced from startup_stm32l476xx.o(RESET)
 <LI><a href="#[e]">FLASH_IRQHandler</a> from startup_stm32l476xx.o(.text) referenced from startup_stm32l476xx.o(RESET)
 <LI><a href="#[3a]">FMC_IRQHandler</a> from startup_stm32l476xx.o(.text) referenced from startup_stm32l476xx.o(RESET)
 <LI><a href="#[5a]">FPU_IRQHandler</a> from startup_stm32l476xx.o(.text) referenced from startup_stm32l476xx.o(RESET)
 <LI><a href="#[2]">HardFault_Handler</a> from startup_stm32l476xx.o(.text) referenced from startup_stm32l476xx.o(RESET)
 <LI><a href="#[2a]">I2C1_ER_IRQHandler</a> from startup_stm32l476xx.o(.text) referenced from startup_stm32l476xx.o(RESET)
 <LI><a href="#[29]">I2C1_EV_IRQHandler</a> from startup_stm32l476xx.o(.text) referenced from startup_stm32l476xx.o(RESET)
 <LI><a href="#[2c]">I2C2_ER_IRQHandler</a> from startup_stm32l476xx.o(.text) referenced from startup_stm32l476xx.o(RESET)
 <LI><a href="#[2b]">I2C2_EV_IRQHandler</a> from startup_stm32l476xx.o(.text) referenced from startup_stm32l476xx.o(RESET)
 <LI><a href="#[53]">I2C3_ER_IRQHandler</a> from startup_stm32l476xx.o(.text) referenced from startup_stm32l476xx.o(RESET)
 <LI><a href="#[52]">I2C3_EV_IRQHandler</a> from startup_stm32l476xx.o(.text) referenced from startup_stm32l476xx.o(RESET)
 <LI><a href="#[60]">InfrarossiTask</a> from infrarossi.o(.text.InfrarossiTask) referenced 2 times from infrarossi.o(.text.InfrarossiInit)
 <LI><a href="#[61]">LCDConteggioTask</a> from rullolcd.o(.text.LCDConteggioTask) referenced 2 times from rullolcd.o(.text.LCDInit)
 <LI><a href="#[58]">LCD_IRQHandler</a> from startup_stm32l476xx.o(.text) referenced from startup_stm32l476xx.o(RESET)
 <LI><a href="#[4b]">LPTIM1_IRQHandler</a> from startup_stm32l476xx.o(.text) referenced from startup_stm32l476xx.o(RESET)
 <LI><a href="#[4c]">LPTIM2_IRQHandler</a> from startup_stm32l476xx.o(.text) referenced from startup_stm32l476xx.o(RESET)
 <LI><a href="#[50]">LPUART1_IRQHandler</a> from startup_stm32l476xx.o(.text) referenced from startup_stm32l476xx.o(RESET)
 <LI><a href="#[3]">MemManage_Handler</a> from startup_stm32l476xx.o(.text) referenced from startup_stm32l476xx.o(RESET)
 <LI><a href="#[62]">MotoreStartTask</a> from motore.o(.text.MotoreStartTask) referenced 2 times from motore.o(.text.MotoreInit)
 <LI><a href="#[63]">MotoreStopTask</a> from motore.o(.text.MotoreStopTask) referenced 2 times from motore.o(.text.MotoreInit)
 <LI><a href="#[1]">NMI_Handler</a> from startup_stm32l476xx.o(.text) referenced from startup_stm32l476xx.o(RESET)
 <LI><a href="#[4d]">OTG_FS_IRQHandler</a> from startup_stm32l476xx.o(.text) referenced from startup_stm32l476xx.o(RESET)
 <LI><a href="#[b]">PVD_PVM_IRQHandler</a> from startup_stm32l476xx.o(.text) referenced from startup_stm32l476xx.o(RESET)
 <LI><a href="#[8]">PendSV_Handler</a> from port.o(.text.PendSV_Handler) referenced from startup_stm32l476xx.o(RESET)
 <LI><a href="#[51]">QUADSPI_IRQHandler</a> from startup_stm32l476xx.o(.text) referenced from startup_stm32l476xx.o(RESET)
 <LI><a href="#[f]">RCC_IRQHandler</a> from startup_stm32l476xx.o(.text) referenced from startup_stm32l476xx.o(RESET)
 <LI><a href="#[59]">RNG_IRQHandler</a> from startup_stm32l476xx.o(.text) referenced from startup_stm32l476xx.o(RESET)
 <LI><a href="#[33]">RTC_Alarm_IRQHandler</a> from startup_stm32l476xx.o(.text) referenced from startup_stm32l476xx.o(RESET)
 <LI><a href="#[d]">RTC_WKUP_IRQHandler</a> from startup_stm32l476xx.o(.text) referenced from startup_stm32l476xx.o(RESET)
 <LI><a href="#[0]">Reset_Handler</a> from startup_stm32l476xx.o(.text) referenced from startup_stm32l476xx.o(RESET)
 <LI><a href="#[54]">SAI1_IRQHandler</a> from startup_stm32l476xx.o(.text) referenced from startup_stm32l476xx.o(RESET)
 <LI><a href="#[55]">SAI2_IRQHandler</a> from startup_stm32l476xx.o(.text) referenced from startup_stm32l476xx.o(RESET)
 <LI><a href="#[3b]">SDMMC1_IRQHandler</a> from startup_stm32l476xx.o(.text) referenced from startup_stm32l476xx.o(RESET)
 <LI><a href="#[2d]">SPI1_IRQHandler</a> from startup_stm32l476xx.o(.text) referenced from startup_stm32l476xx.o(RESET)
 <LI><a href="#[2e]">SPI2_IRQHandler</a> from startup_stm32l476xx.o(.text) referenced from startup_stm32l476xx.o(RESET)
 <LI><a href="#[3d]">SPI3_IRQHandler</a> from startup_stm32l476xx.o(.text) referenced from startup_stm32l476xx.o(RESET)
 <LI><a href="#[6]">SVC_Handler</a> from port.o(.text.SVC_Handler) referenced from startup_stm32l476xx.o(RESET)
 <LI><a href="#[56]">SWPMI1_IRQHandler</a> from startup_stm32l476xx.o(.text) referenced from startup_stm32l476xx.o(RESET)
 <LI><a href="#[64]">ServoSmistaDxTask</a> from servo.o(.text.ServoSmistaDxTask) referenced 2 times from servo.o(.text.ServoMotoreInit)
 <LI><a href="#[65]">ServoSmistaSxTask</a> from servo.o(.text.ServoSmistaSxTask) referenced 2 times from servo.o(.text.ServoMotoreInit)
 <LI><a href="#[9]">SysTick_Handler</a> from cmsis_os2.o(.text.SysTick_Handler) referenced from startup_stm32l476xx.o(RESET)
 <LI><a href="#[5b]">SystemInit</a> from system_stm32l4xx.o(.text.SystemInit) referenced from startup_stm32l476xx.o(.text)
 <LI><a href="#[c]">TAMP_STAMP_IRQHandler</a> from startup_stm32l476xx.o(.text) referenced from startup_stm32l476xx.o(RESET)
 <LI><a href="#[22]">TIM1_BRK_TIM15_IRQHandler</a> from startup_stm32l476xx.o(.text) referenced from startup_stm32l476xx.o(RESET)
 <LI><a href="#[25]">TIM1_CC_IRQHandler</a> from startup_stm32l476xx.o(.text) referenced from startup_stm32l476xx.o(RESET)
 <LI><a href="#[24]">TIM1_TRG_COM_TIM17_IRQHandler</a> from startup_stm32l476xx.o(.text) referenced from startup_stm32l476xx.o(RESET)
 <LI><a href="#[23]">TIM1_UP_TIM16_IRQHandler</a> from startup_stm32l476xx.o(.text) referenced from startup_stm32l476xx.o(RESET)
 <LI><a href="#[26]">TIM2_IRQHandler</a> from ultrasuoni.o(.text.TIM2_IRQHandler) referenced from startup_stm32l476xx.o(RESET)
 <LI><a href="#[27]">TIM3_IRQHandler</a> from startup_stm32l476xx.o(.text) referenced from startup_stm32l476xx.o(RESET)
 <LI><a href="#[28]">TIM4_IRQHandler</a> from startup_stm32l476xx.o(.text) referenced from startup_stm32l476xx.o(RESET)
 <LI><a href="#[3c]">TIM5_IRQHandler</a> from startup_stm32l476xx.o(.text) referenced from startup_stm32l476xx.o(RESET)
 <LI><a href="#[40]">TIM6_DAC_IRQHandler</a> from startup_stm32l476xx.o(.text) referenced from startup_stm32l476xx.o(RESET)
 <LI><a href="#[41]">TIM7_IRQHandler</a> from startup_stm32l476xx.o(.text) referenced from startup_stm32l476xx.o(RESET)
 <LI><a href="#[35]">TIM8_BRK_IRQHandler</a> from startup_stm32l476xx.o(.text) referenced from startup_stm32l476xx.o(RESET)
 <LI><a href="#[38]">TIM8_CC_IRQHandler</a> from startup_stm32l476xx.o(.text) referenced from startup_stm32l476xx.o(RESET)
 <LI><a href="#[37]">TIM8_TRG_COM_IRQHandler</a> from startup_stm32l476xx.o(.text) referenced from startup_stm32l476xx.o(RESET)
 <LI><a href="#[36]">TIM8_UP_IRQHandler</a> from startup_stm32l476xx.o(.text) referenced from startup_stm32l476xx.o(RESET)
 <LI><a href="#[57]">TSC_IRQHandler</a> from startup_stm32l476xx.o(.text) referenced from startup_stm32l476xx.o(RESET)
 <LI><a href="#[3e]">UART4_IRQHandler</a> from startup_stm32l476xx.o(.text) referenced from startup_stm32l476xx.o(RESET)
 <LI><a href="#[3f]">UART5_IRQHandler</a> from startup_stm32l476xx.o(.text) referenced from startup_stm32l476xx.o(RESET)
 <LI><a href="#[2f]">USART1_IRQHandler</a> from startup_stm32l476xx.o(.text) referenced from startup_stm32l476xx.o(RESET)
 <LI><a href="#[30]">USART2_IRQHandler</a> from startup_stm32l476xx.o(.text) referenced from startup_stm32l476xx.o(RESET)
 <LI><a href="#[31]">USART3_IRQHandler</a> from startup_stm32l476xx.o(.text) referenced from startup_stm32l476xx.o(RESET)
 <LI><a href="#[5]">UsageFault_Handler</a> from startup_stm32l476xx.o(.text) referenced from startup_stm32l476xx.o(RESET)
 <LI><a href="#[a]">WWDG_IRQHandler</a> from startup_stm32l476xx.o(.text) referenced from startup_stm32l476xx.o(RESET)
 <LI><a href="#[5c]">__main</a> from __main.o(!!!main) referenced from startup_stm32l476xx.o(.text)
 <LI><a href="#[5e]">_printf_input_char</a> from _printf_char_common.o(.text) referenced from _printf_char_common.o(.text)
 <LI><a href="#[5d]">_sputc</a> from _sputc.o(.text) referenced from noretval__2sprintf.o(.text)
 <LI><a href="#[67]">prvIdleTask</a> from tasks.o(.text.prvIdleTask) referenced 2 times from tasks.o(.text.vTaskStartScheduler)
 <LI><a href="#[66]">prvTaskExitError</a> from port.o(.text.prvTaskExitError) referenced 2 times from port.o(.text.pxPortInitialiseStack)
 <LI><a href="#[68]">prvTimerTask</a> from timers.o(.text.prvTimerTask) referenced 2 times from timers.o(.text.xTimerCreateTimerTask)
</UL>
<P>
<H3>
Global Symbols
</H3>
<P><STRONG><a name="[5c]"></a>__main</STRONG> (Thumb, 8 bytes, Stack size 0 bytes, __main.o(!!!main))
<BR><BR>[Calls]<UL><LI><a href="#[70]">&gt;&gt;</a>&nbsp;&nbsp;&nbsp;__rt_entry
<LI><a href="#[6f]">&gt;&gt;</a>&nbsp;&nbsp;&nbsp;__scatterload
</UL>
<BR>[Address Reference Count : 1]<UL><LI> startup_stm32l476xx.o(.text)
</UL>
<P><STRONG><a name="[6f]"></a>__scatterload</STRONG> (Thumb, 0 bytes, Stack size unknown bytes, __scatter.o(!!!scatter))
<BR><BR>[Called By]<UL><LI><a href="#[5c]">&gt;&gt;</a>&nbsp;&nbsp;&nbsp;__main
</UL>

<P><STRONG><a name="[71]"></a>__scatterload_rt2</STRONG> (Thumb, 44 bytes, Stack size unknown bytes, __scatter.o(!!!scatter), UNUSED)
<BR><BR>[Calls]<UL><LI><a href="#[70]">&gt;&gt;</a>&nbsp;&nbsp;&nbsp;__rt_entry
</UL>

<P><STRONG><a name="[121]"></a>__scatterload_rt2_thumb_only</STRONG> (Thumb, 0 bytes, Stack size unknown bytes, __scatter.o(!!!scatter), UNUSED)

<P><STRONG><a name="[122]"></a>__scatterload_null</STRONG> (Thumb, 0 bytes, Stack size unknown bytes, __scatter.o(!!!scatter), UNUSED)

<P><STRONG><a name="[72]"></a>__scatterload_copy</STRONG> (Thumb, 26 bytes, Stack size unknown bytes, __scatter_copy.o(!!handler_copy), UNUSED)
<BR><BR>[Calls]<UL><LI><a href="#[72]">&gt;&gt;</a>&nbsp;&nbsp;&nbsp;__scatterload_copy
</UL>
<BR>[Called By]<UL><LI><a href="#[72]">&gt;&gt;</a>&nbsp;&nbsp;&nbsp;__scatterload_copy
</UL>

<P><STRONG><a name="[123]"></a>__scatterload_zeroinit</STRONG> (Thumb, 28 bytes, Stack size unknown bytes, __scatter_zi.o(!!handler_zi), UNUSED)

<P><STRONG><a name="[73]"></a>_printf_f</STRONG> (Thumb, 0 bytes, Stack size unknown bytes, _printf_f.o(.ARM.Collect$$_printf_percent$$00000003))
<BR><BR>[Stack]<UL><LI>Max Depth = 324 + Unknown Stack Size
<LI>Call Chain = _printf_f &rArr; _printf_fp_dec &rArr; _printf_fp_dec_real &rArr; _fp_digits &rArr; _btod_etento &rArr; _btod_emul &rArr; _e2e
</UL>
<BR>[Calls]<UL><LI><a href="#[74]">&gt;&gt;</a>&nbsp;&nbsp;&nbsp;_printf_fp_dec
</UL>

<P><STRONG><a name="[8f]"></a>_printf_percent</STRONG> (Thumb, 0 bytes, Stack size unknown bytes, _printf_percent.o(.ARM.Collect$$_printf_percent$$00000000))
<BR><BR>[Called By]<UL><LI><a href="#[8d]">&gt;&gt;</a>&nbsp;&nbsp;&nbsp;__printf
</UL>

<P><STRONG><a name="[75]"></a>_printf_d</STRONG> (Thumb, 0 bytes, Stack size unknown bytes, _printf_d.o(.ARM.Collect$$_printf_percent$$00000009))
<BR><BR>[Stack]<UL><LI>Max Depth = 56 + Unknown Stack Size
<LI>Call Chain = _printf_d &rArr; _printf_int_dec &rArr; _printf_int_common
</UL>
<BR>[Calls]<UL><LI><a href="#[76]">&gt;&gt;</a>&nbsp;&nbsp;&nbsp;_printf_int_dec
</UL>

<P><STRONG><a name="[124]"></a>_printf_percent_end</STRONG> (Thumb, 0 bytes, Stack size unknown bytes, _printf_percent_end.o(.ARM.Collect$$_printf_percent$$00000017))

<P><STRONG><a name="[82]"></a>__rt_lib_init</STRONG> (Thumb, 0 bytes, Stack size unknown bytes, libinit.o(.ARM.Collect$$libinit$$00000000))
<BR><BR>[Called By]<UL><LI><a href="#[81]">&gt;&gt;</a>&nbsp;&nbsp;&nbsp;__rt_entry_li
</UL>

<P><STRONG><a name="[77]"></a>__rt_lib_init_fp_1</STRONG> (Thumb, 0 bytes, Stack size unknown bytes, libinit2.o(.ARM.Collect$$libinit$$00000001))
<BR><BR>[Calls]<UL><LI><a href="#[78]">&gt;&gt;</a>&nbsp;&nbsp;&nbsp;_fp_init
</UL>

<P><STRONG><a name="[125]"></a>__rt_lib_init_heap_1</STRONG> (Thumb, 0 bytes, Stack size unknown bytes, libinit2.o(.ARM.Collect$$libinit$$0000000A))

<P><STRONG><a name="[79]"></a>__rt_lib_init_lc_common</STRONG> (Thumb, 0 bytes, Stack size unknown bytes, libinit2.o(.ARM.Collect$$libinit$$0000000F))
<BR><BR>[Stack]<UL><LI>Max Depth = 8 + Unknown Stack Size
<LI>Call Chain = __rt_lib_init_lc_common &rArr; __rt_locale
</UL>
<BR>[Calls]<UL><LI><a href="#[7a]">&gt;&gt;</a>&nbsp;&nbsp;&nbsp;__rt_locale
</UL>

<P><STRONG><a name="[126]"></a>__rt_lib_init_preinit_1</STRONG> (Thumb, 0 bytes, Stack size unknown bytes, libinit2.o(.ARM.Collect$$libinit$$00000004))

<P><STRONG><a name="[127]"></a>__rt_lib_init_rand_1</STRONG> (Thumb, 0 bytes, Stack size unknown bytes, libinit2.o(.ARM.Collect$$libinit$$0000000E))

<P><STRONG><a name="[128]"></a>__rt_lib_init_user_alloc_1</STRONG> (Thumb, 0 bytes, Stack size unknown bytes, libinit2.o(.ARM.Collect$$libinit$$0000000C))

<P><STRONG><a name="[129]"></a>__rt_lib_init_lc_collate_1</STRONG> (Thumb, 0 bytes, Stack size unknown bytes, libinit2.o(.ARM.Collect$$libinit$$00000011))

<P><STRONG><a name="[12a]"></a>__rt_lib_init_lc_ctype_1</STRONG> (Thumb, 0 bytes, Stack size unknown bytes, libinit2.o(.ARM.Collect$$libinit$$00000013))

<P><STRONG><a name="[12b]"></a>__rt_lib_init_lc_monetary_1</STRONG> (Thumb, 0 bytes, Stack size unknown bytes, libinit2.o(.ARM.Collect$$libinit$$00000015))

<P><STRONG><a name="[7b]"></a>__rt_lib_init_lc_numeric_2</STRONG> (Thumb, 0 bytes, Stack size unknown bytes, libinit2.o(.ARM.Collect$$libinit$$00000016))
<BR><BR>[Stack]<UL><LI>Max Depth = 16 + Unknown Stack Size
<LI>Call Chain = __rt_lib_init_lc_numeric_2 &rArr; _get_lc_numeric &rArr; strcmp
</UL>
<BR>[Calls]<UL><LI><a href="#[7c]">&gt;&gt;</a>&nbsp;&nbsp;&nbsp;_get_lc_numeric
</UL>

<P><STRONG><a name="[12c]"></a>__rt_lib_init_alloca_1</STRONG> (Thumb, 0 bytes, Stack size unknown bytes, libinit2.o(.ARM.Collect$$libinit$$0000002E))

<P><STRONG><a name="[12d]"></a>__rt_lib_init_argv_1</STRONG> (Thumb, 0 bytes, Stack size unknown bytes, libinit2.o(.ARM.Collect$$libinit$$0000002C))

<P><STRONG><a name="[12e]"></a>__rt_lib_init_atexit_1</STRONG> (Thumb, 0 bytes, Stack size unknown bytes, libinit2.o(.ARM.Collect$$libinit$$0000001B))

<P><STRONG><a name="[12f]"></a>__rt_lib_init_clock_1</STRONG> (Thumb, 0 bytes, Stack size unknown bytes, libinit2.o(.ARM.Collect$$libinit$$00000021))

<P><STRONG><a name="[130]"></a>__rt_lib_init_cpp_1</STRONG> (Thumb, 0 bytes, Stack size unknown bytes, libinit2.o(.ARM.Collect$$libinit$$00000032))

<P><STRONG><a name="[131]"></a>__rt_lib_init_exceptions_1</STRONG> (Thumb, 0 bytes, Stack size unknown bytes, libinit2.o(.ARM.Collect$$libinit$$00000030))

<P><STRONG><a name="[132]"></a>__rt_lib_init_fp_trap_1</STRONG> (Thumb, 0 bytes, Stack size unknown bytes, libinit2.o(.ARM.Collect$$libinit$$0000001F))

<P><STRONG><a name="[133]"></a>__rt_lib_init_getenv_1</STRONG> (Thumb, 0 bytes, Stack size unknown bytes, libinit2.o(.ARM.Collect$$libinit$$00000023))

<P><STRONG><a name="[134]"></a>__rt_lib_init_lc_numeric_1</STRONG> (Thumb, 0 bytes, Stack size unknown bytes, libinit2.o(.ARM.Collect$$libinit$$00000017))

<P><STRONG><a name="[135]"></a>__rt_lib_init_lc_time_1</STRONG> (Thumb, 0 bytes, Stack size unknown bytes, libinit2.o(.ARM.Collect$$libinit$$00000019))

<P><STRONG><a name="[136]"></a>__rt_lib_init_return</STRONG> (Thumb, 0 bytes, Stack size unknown bytes, libinit2.o(.ARM.Collect$$libinit$$00000033))

<P><STRONG><a name="[137]"></a>__rt_lib_init_signal_1</STRONG> (Thumb, 0 bytes, Stack size unknown bytes, libinit2.o(.ARM.Collect$$libinit$$0000001D))

<P><STRONG><a name="[138]"></a>__rt_lib_init_stdio_1</STRONG> (Thumb, 0 bytes, Stack size unknown bytes, libinit2.o(.ARM.Collect$$libinit$$00000025))

<P><STRONG><a name="[87]"></a>__rt_lib_shutdown</STRONG> (Thumb, 0 bytes, Stack size unknown bytes, libshutdown.o(.ARM.Collect$$libshutdown$$00000000))
<BR><BR>[Called By]<UL><LI><a href="#[86]">&gt;&gt;</a>&nbsp;&nbsp;&nbsp;__rt_exit_ls
</UL>

<P><STRONG><a name="[139]"></a>__rt_lib_shutdown_cpp_1</STRONG> (Thumb, 0 bytes, Stack size unknown bytes, libshutdown2.o(.ARM.Collect$$libshutdown$$00000002))

<P><STRONG><a name="[13a]"></a>__rt_lib_shutdown_fp_trap_1</STRONG> (Thumb, 0 bytes, Stack size unknown bytes, libshutdown2.o(.ARM.Collect$$libshutdown$$00000007))

<P><STRONG><a name="[13b]"></a>__rt_lib_shutdown_heap_1</STRONG> (Thumb, 0 bytes, Stack size unknown bytes, libshutdown2.o(.ARM.Collect$$libshutdown$$0000000F))

<P><STRONG><a name="[13c]"></a>__rt_lib_shutdown_return</STRONG> (Thumb, 0 bytes, Stack size unknown bytes, libshutdown2.o(.ARM.Collect$$libshutdown$$00000010))

<P><STRONG><a name="[13d]"></a>__rt_lib_shutdown_signal_1</STRONG> (Thumb, 0 bytes, Stack size unknown bytes, libshutdown2.o(.ARM.Collect$$libshutdown$$0000000A))

<P><STRONG><a name="[13e]"></a>__rt_lib_shutdown_stdio_1</STRONG> (Thumb, 0 bytes, Stack size unknown bytes, libshutdown2.o(.ARM.Collect$$libshutdown$$00000004))

<P><STRONG><a name="[13f]"></a>__rt_lib_shutdown_user_alloc_1</STRONG> (Thumb, 0 bytes, Stack size unknown bytes, libshutdown2.o(.ARM.Collect$$libshutdown$$0000000C))

<P><STRONG><a name="[70]"></a>__rt_entry</STRONG> (Thumb, 0 bytes, Stack size unknown bytes, __rtentry.o(.ARM.Collect$$rtentry$$00000000))
<BR><BR>[Called By]<UL><LI><a href="#[5c]">&gt;&gt;</a>&nbsp;&nbsp;&nbsp;__main
<LI><a href="#[71]">&gt;&gt;</a>&nbsp;&nbsp;&nbsp;__scatterload_rt2
</UL>

<P><STRONG><a name="[140]"></a>__rt_entry_presh_1</STRONG> (Thumb, 0 bytes, Stack size unknown bytes, __rtentry2.o(.ARM.Collect$$rtentry$$00000002))

<P><STRONG><a name="[7d]"></a>__rt_entry_sh</STRONG> (Thumb, 0 bytes, Stack size unknown bytes, __rtentry4.o(.ARM.Collect$$rtentry$$00000004))
<BR><BR>[Stack]<UL><LI>Max Depth = 8 + Unknown Stack Size
<LI>Call Chain = __rt_entry_sh &rArr; __user_setup_stackheap
</UL>
<BR>[Calls]<UL><LI><a href="#[7e]">&gt;&gt;</a>&nbsp;&nbsp;&nbsp;__user_setup_stackheap
</UL>

<P><STRONG><a name="[7f]"></a>__rt_entry_postsh_1</STRONG> (Thumb, 0 bytes, Stack size unknown bytes, __rtentry2.o(.ARM.Collect$$rtentry$$00000008))
<BR><BR>[Calls]<UL><LI><a href="#[80]">&gt;&gt;</a>&nbsp;&nbsp;&nbsp;_platform_post_stackheap_init
</UL>

<P><STRONG><a name="[81]"></a>__rt_entry_li</STRONG> (Thumb, 0 bytes, Stack size unknown bytes, __rtentry2.o(.ARM.Collect$$rtentry$$0000000A))
<BR><BR>[Calls]<UL><LI><a href="#[82]">&gt;&gt;</a>&nbsp;&nbsp;&nbsp;__rt_lib_init
</UL>

<P><STRONG><a name="[83]"></a>__rt_entry_main</STRONG> (Thumb, 0 bytes, Stack size unknown bytes, __rtentry2.o(.ARM.Collect$$rtentry$$0000000D))
<BR><BR>[Stack]<UL><LI>Max Depth = 184 + Unknown Stack Size
<LI>Call Chain = __rt_entry_main &rArr; main &rArr; ServoMotoreInit &rArr; xTaskCreate &rArr; pvPortMalloc &rArr; xTaskResumeAll &rArr; xTaskIncrementTick
</UL>
<BR>[Calls]<UL><LI><a href="#[84]">&gt;&gt;</a>&nbsp;&nbsp;&nbsp;main
<LI><a href="#[85]">&gt;&gt;</a>&nbsp;&nbsp;&nbsp;exit
</UL>

<P><STRONG><a name="[141]"></a>__rt_entry_postli_1</STRONG> (Thumb, 0 bytes, Stack size unknown bytes, __rtentry2.o(.ARM.Collect$$rtentry$$0000000C))

<P><STRONG><a name="[9e]"></a>__rt_exit</STRONG> (Thumb, 0 bytes, Stack size unknown bytes, rtexit.o(.ARM.Collect$$rtexit$$00000000))
<BR><BR>[Called By]<UL><LI><a href="#[85]">&gt;&gt;</a>&nbsp;&nbsp;&nbsp;exit
</UL>

<P><STRONG><a name="[86]"></a>__rt_exit_ls</STRONG> (Thumb, 0 bytes, Stack size unknown bytes, rtexit2.o(.ARM.Collect$$rtexit$$00000003))
<BR><BR>[Calls]<UL><LI><a href="#[87]">&gt;&gt;</a>&nbsp;&nbsp;&nbsp;__rt_lib_shutdown
</UL>

<P><STRONG><a name="[142]"></a>__rt_exit_prels_1</STRONG> (Thumb, 0 bytes, Stack size unknown bytes, rtexit2.o(.ARM.Collect$$rtexit$$00000002))

<P><STRONG><a name="[88]"></a>__rt_exit_exit</STRONG> (Thumb, 0 bytes, Stack size unknown bytes, rtexit2.o(.ARM.Collect$$rtexit$$00000004))
<BR><BR>[Calls]<UL><LI><a href="#[89]">&gt;&gt;</a>&nbsp;&nbsp;&nbsp;_sys_exit
</UL>

<P><STRONG><a name="[0]"></a>Reset_Handler</STRONG> (Thumb, 8 bytes, Stack size 0 bytes, startup_stm32l476xx.o(.text))
<BR>[Address Reference Count : 1]<UL><LI> startup_stm32l476xx.o(RESET)
</UL>
<P><STRONG><a name="[1]"></a>NMI_Handler</STRONG> (Thumb, 2 bytes, Stack size 0 bytes, startup_stm32l476xx.o(.text))
<BR><BR>[Calls]<UL><LI><a href="#[1]">&gt;&gt;</a>&nbsp;&nbsp;&nbsp;NMI_Handler
</UL>
<BR>[Called By]<UL><LI><a href="#[1]">&gt;&gt;</a>&nbsp;&nbsp;&nbsp;NMI_Handler
</UL>
<BR>[Address Reference Count : 1]<UL><LI> startup_stm32l476xx.o(RESET)
</UL>
<P><STRONG><a name="[2]"></a>HardFault_Handler</STRONG> (Thumb, 2 bytes, Stack size 0 bytes, startup_stm32l476xx.o(.text))
<BR><BR>[Calls]<UL><LI><a href="#[2]">&gt;&gt;</a>&nbsp;&nbsp;&nbsp;HardFault_Handler
</UL>
<BR>[Called By]<UL><LI><a href="#[2]">&gt;&gt;</a>&nbsp;&nbsp;&nbsp;HardFault_Handler
</UL>
<BR>[Address Reference Count : 1]<UL><LI> startup_stm32l476xx.o(RESET)
</UL>
<P><STRONG><a name="[3]"></a>MemManage_Handler</STRONG> (Thumb, 2 bytes, Stack size 0 bytes, startup_stm32l476xx.o(.text))
<BR><BR>[Calls]<UL><LI><a href="#[3]">&gt;&gt;</a>&nbsp;&nbsp;&nbsp;MemManage_Handler
</UL>
<BR>[Called By]<UL><LI><a href="#[3]">&gt;&gt;</a>&nbsp;&nbsp;&nbsp;MemManage_Handler
</UL>
<BR>[Address Reference Count : 1]<UL><LI> startup_stm32l476xx.o(RESET)
</UL>
<P><STRONG><a name="[4]"></a>BusFault_Handler</STRONG> (Thumb, 2 bytes, Stack size 0 bytes, startup_stm32l476xx.o(.text))
<BR><BR>[Calls]<UL><LI><a href="#[4]">&gt;&gt;</a>&nbsp;&nbsp;&nbsp;BusFault_Handler
</UL>
<BR>[Called By]<UL><LI><a href="#[4]">&gt;&gt;</a>&nbsp;&nbsp;&nbsp;BusFault_Handler
</UL>
<BR>[Address Reference Count : 1]<UL><LI> startup_stm32l476xx.o(RESET)
</UL>
<P><STRONG><a name="[5]"></a>UsageFault_Handler</STRONG> (Thumb, 2 bytes, Stack size 0 bytes, startup_stm32l476xx.o(.text))
<BR><BR>[Calls]<UL><LI><a href="#[5]">&gt;&gt;</a>&nbsp;&nbsp;&nbsp;UsageFault_Handler
</UL>
<BR>[Called By]<UL><LI><a href="#[5]">&gt;&gt;</a>&nbsp;&nbsp;&nbsp;UsageFault_Handler
</UL>
<BR>[Address Reference Count : 1]<UL><LI> startup_stm32l476xx.o(RESET)
</UL>
<P><STRONG><a name="[7]"></a>DebugMon_Handler</STRONG> (Thumb, 2 bytes, Stack size 0 bytes, startup_stm32l476xx.o(.text))
<BR><BR>[Calls]<UL><LI><a href="#[7]">&gt;&gt;</a>&nbsp;&nbsp;&nbsp;DebugMon_Handler
</UL>
<BR>[Called By]<UL><LI><a href="#[7]">&gt;&gt;</a>&nbsp;&nbsp;&nbsp;DebugMon_Handler
</UL>
<BR>[Address Reference Count : 1]<UL><LI> startup_stm32l476xx.o(RESET)
</UL>
<P><STRONG><a name="[1c]"></a>ADC1_2_IRQHandler</STRONG> (Thumb, 0 bytes, Stack size 0 bytes, startup_stm32l476xx.o(.text))
<BR><BR>[Calls]<UL><LI><a href="#[1c]">&gt;&gt;</a>&nbsp;&nbsp;&nbsp;ADC1_2_IRQHandler
</UL>
<BR>[Called By]<UL><LI><a href="#[1c]">&gt;&gt;</a>&nbsp;&nbsp;&nbsp;ADC1_2_IRQHandler
</UL>
<BR>[Address Reference Count : 1]<UL><LI> startup_stm32l476xx.o(RESET)
</UL>
<P><STRONG><a name="[39]"></a>ADC3_IRQHandler</STRONG> (Thumb, 0 bytes, Stack size 0 bytes, startup_stm32l476xx.o(.text))
<BR>[Address Reference Count : 1]<UL><LI> startup_stm32l476xx.o(RESET)
</UL>
<P><STRONG><a name="[1e]"></a>CAN1_RX0_IRQHandler</STRONG> (Thumb, 0 bytes, Stack size 0 bytes, startup_stm32l476xx.o(.text))
<BR>[Address Reference Count : 1]<UL><LI> startup_stm32l476xx.o(RESET)
</UL>
<P><STRONG><a name="[1f]"></a>CAN1_RX1_IRQHandler</STRONG> (Thumb, 0 bytes, Stack size 0 bytes, startup_stm32l476xx.o(.text))
<BR>[Address Reference Count : 1]<UL><LI> startup_stm32l476xx.o(RESET)
</UL>
<P><STRONG><a name="[20]"></a>CAN1_SCE_IRQHandler</STRONG> (Thumb, 0 bytes, Stack size 0 bytes, startup_stm32l476xx.o(.text))
<BR>[Address Reference Count : 1]<UL><LI> startup_stm32l476xx.o(RESET)
</UL>
<P><STRONG><a name="[1d]"></a>CAN1_TX_IRQHandler</STRONG> (Thumb, 0 bytes, Stack size 0 bytes, startup_stm32l476xx.o(.text))
<BR>[Address Reference Count : 1]<UL><LI> startup_stm32l476xx.o(RESET)
</UL>
<P><STRONG><a name="[4a]"></a>COMP_IRQHandler</STRONG> (Thumb, 0 bytes, Stack size 0 bytes, startup_stm32l476xx.o(.text))
<BR>[Address Reference Count : 1]<UL><LI> startup_stm32l476xx.o(RESET)
</UL>
<P><STRONG><a name="[47]"></a>DFSDM1_FLT0_IRQHandler</STRONG> (Thumb, 0 bytes, Stack size 0 bytes, startup_stm32l476xx.o(.text))
<BR>[Address Reference Count : 1]<UL><LI> startup_stm32l476xx.o(RESET)
</UL>
<P><STRONG><a name="[48]"></a>DFSDM1_FLT1_IRQHandler</STRONG> (Thumb, 0 bytes, Stack size 0 bytes, startup_stm32l476xx.o(.text))
<BR>[Address Reference Count : 1]<UL><LI> startup_stm32l476xx.o(RESET)
</UL>
<P><STRONG><a name="[49]"></a>DFSDM1_FLT2_IRQHandler</STRONG> (Thumb, 0 bytes, Stack size 0 bytes, startup_stm32l476xx.o(.text))
<BR>[Address Reference Count : 1]<UL><LI> startup_stm32l476xx.o(RESET)
</UL>
<P><STRONG><a name="[34]"></a>DFSDM1_FLT3_IRQHandler</STRONG> (Thumb, 0 bytes, Stack size 0 bytes, startup_stm32l476xx.o(.text))
<BR>[Address Reference Count : 1]<UL><LI> startup_stm32l476xx.o(RESET)
</UL>
<P><STRONG><a name="[15]"></a>DMA1_Channel1_IRQHandler</STRONG> (Thumb, 0 bytes, Stack size 0 bytes, startup_stm32l476xx.o(.text))
<BR>[Address Reference Count : 1]<UL><LI> startup_stm32l476xx.o(RESET)
</UL>
<P><STRONG><a name="[16]"></a>DMA1_Channel2_IRQHandler</STRONG> (Thumb, 0 bytes, Stack size 0 bytes, startup_stm32l476xx.o(.text))
<BR>[Address Reference Count : 1]<UL><LI> startup_stm32l476xx.o(RESET)
</UL>
<P><STRONG><a name="[17]"></a>DMA1_Channel3_IRQHandler</STRONG> (Thumb, 0 bytes, Stack size 0 bytes, startup_stm32l476xx.o(.text))
<BR>[Address Reference Count : 1]<UL><LI> startup_stm32l476xx.o(RESET)
</UL>
<P><STRONG><a name="[18]"></a>DMA1_Channel4_IRQHandler</STRONG> (Thumb, 0 bytes, Stack size 0 bytes, startup_stm32l476xx.o(.text))
<BR>[Address Reference Count : 1]<UL><LI> startup_stm32l476xx.o(RESET)
</UL>
<P><STRONG><a name="[19]"></a>DMA1_Channel5_IRQHandler</STRONG> (Thumb, 0 bytes, Stack size 0 bytes, startup_stm32l476xx.o(.text))
<BR>[Address Reference Count : 1]<UL><LI> startup_stm32l476xx.o(RESET)
</UL>
<P><STRONG><a name="[1a]"></a>DMA1_Channel6_IRQHandler</STRONG> (Thumb, 0 bytes, Stack size 0 bytes, startup_stm32l476xx.o(.text))
<BR>[Address Reference Count : 1]<UL><LI> startup_stm32l476xx.o(RESET)
</UL>
<P><STRONG><a name="[1b]"></a>DMA1_Channel7_IRQHandler</STRONG> (Thumb, 0 bytes, Stack size 0 bytes, startup_stm32l476xx.o(.text))
<BR>[Address Reference Count : 1]<UL><LI> startup_stm32l476xx.o(RESET)
</UL>
<P><STRONG><a name="[42]"></a>DMA2_Channel1_IRQHandler</STRONG> (Thumb, 0 bytes, Stack size 0 bytes, startup_stm32l476xx.o(.text))
<BR>[Address Reference Count : 1]<UL><LI> startup_stm32l476xx.o(RESET)
</UL>
<P><STRONG><a name="[43]"></a>DMA2_Channel2_IRQHandler</STRONG> (Thumb, 0 bytes, Stack size 0 bytes, startup_stm32l476xx.o(.text))
<BR>[Address Reference Count : 1]<UL><LI> startup_stm32l476xx.o(RESET)
</UL>
<P><STRONG><a name="[44]"></a>DMA2_Channel3_IRQHandler</STRONG> (Thumb, 0 bytes, Stack size 0 bytes, startup_stm32l476xx.o(.text))
<BR>[Address Reference Count : 1]<UL><LI> startup_stm32l476xx.o(RESET)
</UL>
<P><STRONG><a name="[45]"></a>DMA2_Channel4_IRQHandler</STRONG> (Thumb, 0 bytes, Stack size 0 bytes, startup_stm32l476xx.o(.text))
<BR>[Address Reference Count : 1]<UL><LI> startup_stm32l476xx.o(RESET)
</UL>
<P><STRONG><a name="[46]"></a>DMA2_Channel5_IRQHandler</STRONG> (Thumb, 0 bytes, Stack size 0 bytes, startup_stm32l476xx.o(.text))
<BR>[Address Reference Count : 1]<UL><LI> startup_stm32l476xx.o(RESET)
</UL>
<P><STRONG><a name="[4e]"></a>DMA2_Channel6_IRQHandler</STRONG> (Thumb, 0 bytes, Stack size 0 bytes, startup_stm32l476xx.o(.text))
<BR>[Address Reference Count : 1]<UL><LI> startup_stm32l476xx.o(RESET)
</UL>
<P><STRONG><a name="[4f]"></a>DMA2_Channel7_IRQHandler</STRONG> (Thumb, 0 bytes, Stack size 0 bytes, startup_stm32l476xx.o(.text))
<BR>[Address Reference Count : 1]<UL><LI> startup_stm32l476xx.o(RESET)
</UL>
<P><STRONG><a name="[10]"></a>EXTI0_IRQHandler</STRONG> (Thumb, 0 bytes, Stack size 0 bytes, startup_stm32l476xx.o(.text))
<BR>[Address Reference Count : 1]<UL><LI> startup_stm32l476xx.o(RESET)
</UL>
<P><STRONG><a name="[32]"></a>EXTI15_10_IRQHandler</STRONG> (Thumb, 0 bytes, Stack size 0 bytes, startup_stm32l476xx.o(.text))
<BR>[Address Reference Count : 1]<UL><LI> startup_stm32l476xx.o(RESET)
</UL>
<P><STRONG><a name="[11]"></a>EXTI1_IRQHandler</STRONG> (Thumb, 0 bytes, Stack size 0 bytes, startup_stm32l476xx.o(.text))
<BR>[Address Reference Count : 1]<UL><LI> startup_stm32l476xx.o(RESET)
</UL>
<P><STRONG><a name="[12]"></a>EXTI2_IRQHandler</STRONG> (Thumb, 0 bytes, Stack size 0 bytes, startup_stm32l476xx.o(.text))
<BR>[Address Reference Count : 1]<UL><LI> startup_stm32l476xx.o(RESET)
</UL>
<P><STRONG><a name="[13]"></a>EXTI3_IRQHandler</STRONG> (Thumb, 0 bytes, Stack size 0 bytes, startup_stm32l476xx.o(.text))
<BR>[Address Reference Count : 1]<UL><LI> startup_stm32l476xx.o(RESET)
</UL>
<P><STRONG><a name="[14]"></a>EXTI4_IRQHandler</STRONG> (Thumb, 0 bytes, Stack size 0 bytes, startup_stm32l476xx.o(.text))
<BR>[Address Reference Count : 1]<UL><LI> startup_stm32l476xx.o(RESET)
</UL>
<P><STRONG><a name="[21]"></a>EXTI9_5_IRQHandler</STRONG> (Thumb, 0 bytes, Stack size 0 bytes, startup_stm32l476xx.o(.text))
<BR>[Address Reference Count : 1]<UL><LI> startup_stm32l476xx.o(RESET)
</UL>
<P><STRONG><a name="[e]"></a>FLASH_IRQHandler</STRONG> (Thumb, 0 bytes, Stack size 0 bytes, startup_stm32l476xx.o(.text))
<BR>[Address Reference Count : 1]<UL><LI> startup_stm32l476xx.o(RESET)
</UL>
<P><STRONG><a name="[3a]"></a>FMC_IRQHandler</STRONG> (Thumb, 0 bytes, Stack size 0 bytes, startup_stm32l476xx.o(.text))
<BR>[Address Reference Count : 1]<UL><LI> startup_stm32l476xx.o(RESET)
</UL>
<P><STRONG><a name="[5a]"></a>FPU_IRQHandler</STRONG> (Thumb, 0 bytes, Stack size 0 bytes, startup_stm32l476xx.o(.text))
<BR>[Address Reference Count : 1]<UL><LI> startup_stm32l476xx.o(RESET)
</UL>
<P><STRONG><a name="[2a]"></a>I2C1_ER_IRQHandler</STRONG> (Thumb, 0 bytes, Stack size 0 bytes, startup_stm32l476xx.o(.text))
<BR>[Address Reference Count : 1]<UL><LI> startup_stm32l476xx.o(RESET)
</UL>
<P><STRONG><a name="[29]"></a>I2C1_EV_IRQHandler</STRONG> (Thumb, 0 bytes, Stack size 0 bytes, startup_stm32l476xx.o(.text))
<BR>[Address Reference Count : 1]<UL><LI> startup_stm32l476xx.o(RESET)
</UL>
<P><STRONG><a name="[2c]"></a>I2C2_ER_IRQHandler</STRONG> (Thumb, 0 bytes, Stack size 0 bytes, startup_stm32l476xx.o(.text))
<BR>[Address Reference Count : 1]<UL><LI> startup_stm32l476xx.o(RESET)
</UL>
<P><STRONG><a name="[2b]"></a>I2C2_EV_IRQHandler</STRONG> (Thumb, 0 bytes, Stack size 0 bytes, startup_stm32l476xx.o(.text))
<BR>[Address Reference Count : 1]<UL><LI> startup_stm32l476xx.o(RESET)
</UL>
<P><STRONG><a name="[53]"></a>I2C3_ER_IRQHandler</STRONG> (Thumb, 0 bytes, Stack size 0 bytes, startup_stm32l476xx.o(.text))
<BR>[Address Reference Count : 1]<UL><LI> startup_stm32l476xx.o(RESET)
</UL>
<P><STRONG><a name="[52]"></a>I2C3_EV_IRQHandler</STRONG> (Thumb, 0 bytes, Stack size 0 bytes, startup_stm32l476xx.o(.text))
<BR>[Address Reference Count : 1]<UL><LI> startup_stm32l476xx.o(RESET)
</UL>
<P><STRONG><a name="[58]"></a>LCD_IRQHandler</STRONG> (Thumb, 0 bytes, Stack size 0 bytes, startup_stm32l476xx.o(.text))
<BR>[Address Reference Count : 1]<UL><LI> startup_stm32l476xx.o(RESET)
</UL>
<P><STRONG><a name="[4b]"></a>LPTIM1_IRQHandler</STRONG> (Thumb, 0 bytes, Stack size 0 bytes, startup_stm32l476xx.o(.text))
<BR>[Address Reference Count : 1]<UL><LI> startup_stm32l476xx.o(RESET)
</UL>
<P><STRONG><a name="[4c]"></a>LPTIM2_IRQHandler</STRONG> (Thumb, 0 bytes, Stack size 0 bytes, startup_stm32l476xx.o(.text))
<BR>[Address Reference Count : 1]<UL><LI> startup_stm32l476xx.o(RESET)
</UL>
<P><STRONG><a name="[50]"></a>LPUART1_IRQHandler</STRONG> (Thumb, 0 bytes, Stack size 0 bytes, startup_stm32l476xx.o(.text))
<BR>[Address Reference Count : 1]<UL><LI> startup_stm32l476xx.o(RESET)
</UL>
<P><STRONG><a name="[4d]"></a>OTG_FS_IRQHandler</STRONG> (Thumb, 0 bytes, Stack size 0 bytes, startup_stm32l476xx.o(.text))
<BR>[Address Reference Count : 1]<UL><LI> startup_stm32l476xx.o(RESET)
</UL>
<P><STRONG><a name="[b]"></a>PVD_PVM_IRQHandler</STRONG> (Thumb, 0 bytes, Stack size 0 bytes, startup_stm32l476xx.o(.text))
<BR>[Address Reference Count : 1]<UL><LI> startup_stm32l476xx.o(RESET)
</UL>
<P><STRONG><a name="[51]"></a>QUADSPI_IRQHandler</STRONG> (Thumb, 0 bytes, Stack size 0 bytes, startup_stm32l476xx.o(.text))
<BR>[Address Reference Count : 1]<UL><LI> startup_stm32l476xx.o(RESET)
</UL>
<P><STRONG><a name="[f]"></a>RCC_IRQHandler</STRONG> (Thumb, 0 bytes, Stack size 0 bytes, startup_stm32l476xx.o(.text))
<BR>[Address Reference Count : 1]<UL><LI> startup_stm32l476xx.o(RESET)
</UL>
<P><STRONG><a name="[59]"></a>RNG_IRQHandler</STRONG> (Thumb, 0 bytes, Stack size 0 bytes, startup_stm32l476xx.o(.text))
<BR>[Address Reference Count : 1]<UL><LI> startup_stm32l476xx.o(RESET)
</UL>
<P><STRONG><a name="[33]"></a>RTC_Alarm_IRQHandler</STRONG> (Thumb, 0 bytes, Stack size 0 bytes, startup_stm32l476xx.o(.text))
<BR>[Address Reference Count : 1]<UL><LI> startup_stm32l476xx.o(RESET)
</UL>
<P><STRONG><a name="[d]"></a>RTC_WKUP_IRQHandler</STRONG> (Thumb, 0 bytes, Stack size 0 bytes, startup_stm32l476xx.o(.text))
<BR>[Address Reference Count : 1]<UL><LI> startup_stm32l476xx.o(RESET)
</UL>
<P><STRONG><a name="[54]"></a>SAI1_IRQHandler</STRONG> (Thumb, 0 bytes, Stack size 0 bytes, startup_stm32l476xx.o(.text))
<BR>[Address Reference Count : 1]<UL><LI> startup_stm32l476xx.o(RESET)
</UL>
<P><STRONG><a name="[55]"></a>SAI2_IRQHandler</STRONG> (Thumb, 0 bytes, Stack size 0 bytes, startup_stm32l476xx.o(.text))
<BR>[Address Reference Count : 1]<UL><LI> startup_stm32l476xx.o(RESET)
</UL>
<P><STRONG><a name="[3b]"></a>SDMMC1_IRQHandler</STRONG> (Thumb, 0 bytes, Stack size 0 bytes, startup_stm32l476xx.o(.text))
<BR>[Address Reference Count : 1]<UL><LI> startup_stm32l476xx.o(RESET)
</UL>
<P><STRONG><a name="[2d]"></a>SPI1_IRQHandler</STRONG> (Thumb, 0 bytes, Stack size 0 bytes, startup_stm32l476xx.o(.text))
<BR>[Address Reference Count : 1]<UL><LI> startup_stm32l476xx.o(RESET)
</UL>
<P><STRONG><a name="[2e]"></a>SPI2_IRQHandler</STRONG> (Thumb, 0 bytes, Stack size 0 bytes, startup_stm32l476xx.o(.text))
<BR>[Address Reference Count : 1]<UL><LI> startup_stm32l476xx.o(RESET)
</UL>
<P><STRONG><a name="[3d]"></a>SPI3_IRQHandler</STRONG> (Thumb, 0 bytes, Stack size 0 bytes, startup_stm32l476xx.o(.text))
<BR>[Address Reference Count : 1]<UL><LI> startup_stm32l476xx.o(RESET)
</UL>
<P><STRONG><a name="[56]"></a>SWPMI1_IRQHandler</STRONG> (Thumb, 0 bytes, Stack size 0 bytes, startup_stm32l476xx.o(.text))
<BR>[Address Reference Count : 1]<UL><LI> startup_stm32l476xx.o(RESET)
</UL>
<P><STRONG><a name="[c]"></a>TAMP_STAMP_IRQHandler</STRONG> (Thumb, 0 bytes, Stack size 0 bytes, startup_stm32l476xx.o(.text))
<BR>[Address Reference Count : 1]<UL><LI> startup_stm32l476xx.o(RESET)
</UL>
<P><STRONG><a name="[22]"></a>TIM1_BRK_TIM15_IRQHandler</STRONG> (Thumb, 0 bytes, Stack size 0 bytes, startup_stm32l476xx.o(.text))
<BR>[Address Reference Count : 1]<UL><LI> startup_stm32l476xx.o(RESET)
</UL>
<P><STRONG><a name="[25]"></a>TIM1_CC_IRQHandler</STRONG> (Thumb, 0 bytes, Stack size 0 bytes, startup_stm32l476xx.o(.text))
<BR>[Address Reference Count : 1]<UL><LI> startup_stm32l476xx.o(RESET)
</UL>
<P><STRONG><a name="[24]"></a>TIM1_TRG_COM_TIM17_IRQHandler</STRONG> (Thumb, 0 bytes, Stack size 0 bytes, startup_stm32l476xx.o(.text))
<BR>[Address Reference Count : 1]<UL><LI> startup_stm32l476xx.o(RESET)
</UL>
<P><STRONG><a name="[23]"></a>TIM1_UP_TIM16_IRQHandler</STRONG> (Thumb, 0 bytes, Stack size 0 bytes, startup_stm32l476xx.o(.text))
<BR>[Address Reference Count : 1]<UL><LI> startup_stm32l476xx.o(RESET)
</UL>
<P><STRONG><a name="[27]"></a>TIM3_IRQHandler</STRONG> (Thumb, 0 bytes, Stack size 0 bytes, startup_stm32l476xx.o(.text))
<BR>[Address Reference Count : 1]<UL><LI> startup_stm32l476xx.o(RESET)
</UL>
<P><STRONG><a name="[28]"></a>TIM4_IRQHandler</STRONG> (Thumb, 0 bytes, Stack size 0 bytes, startup_stm32l476xx.o(.text))
<BR>[Address Reference Count : 1]<UL><LI> startup_stm32l476xx.o(RESET)
</UL>
<P><STRONG><a name="[3c]"></a>TIM5_IRQHandler</STRONG> (Thumb, 0 bytes, Stack size 0 bytes, startup_stm32l476xx.o(.text))
<BR>[Address Reference Count : 1]<UL><LI> startup_stm32l476xx.o(RESET)
</UL>
<P><STRONG><a name="[40]"></a>TIM6_DAC_IRQHandler</STRONG> (Thumb, 0 bytes, Stack size 0 bytes, startup_stm32l476xx.o(.text))
<BR>[Address Reference Count : 1]<UL><LI> startup_stm32l476xx.o(RESET)
</UL>
<P><STRONG><a name="[41]"></a>TIM7_IRQHandler</STRONG> (Thumb, 0 bytes, Stack size 0 bytes, startup_stm32l476xx.o(.text))
<BR>[Address Reference Count : 1]<UL><LI> startup_stm32l476xx.o(RESET)
</UL>
<P><STRONG><a name="[35]"></a>TIM8_BRK_IRQHandler</STRONG> (Thumb, 0 bytes, Stack size 0 bytes, startup_stm32l476xx.o(.text))
<BR>[Address Reference Count : 1]<UL><LI> startup_stm32l476xx.o(RESET)
</UL>
<P><STRONG><a name="[38]"></a>TIM8_CC_IRQHandler</STRONG> (Thumb, 0 bytes, Stack size 0 bytes, startup_stm32l476xx.o(.text))
<BR>[Address Reference Count : 1]<UL><LI> startup_stm32l476xx.o(RESET)
</UL>
<P><STRONG><a name="[37]"></a>TIM8_TRG_COM_IRQHandler</STRONG> (Thumb, 0 bytes, Stack size 0 bytes, startup_stm32l476xx.o(.text))
<BR>[Address Reference Count : 1]<UL><LI> startup_stm32l476xx.o(RESET)
</UL>
<P><STRONG><a name="[36]"></a>TIM8_UP_IRQHandler</STRONG> (Thumb, 0 bytes, Stack size 0 bytes, startup_stm32l476xx.o(.text))
<BR>[Address Reference Count : 1]<UL><LI> startup_stm32l476xx.o(RESET)
</UL>
<P><STRONG><a name="[57]"></a>TSC_IRQHandler</STRONG> (Thumb, 0 bytes, Stack size 0 bytes, startup_stm32l476xx.o(.text))
<BR>[Address Reference Count : 1]<UL><LI> startup_stm32l476xx.o(RESET)
</UL>
<P><STRONG><a name="[3e]"></a>UART4_IRQHandler</STRONG> (Thumb, 0 bytes, Stack size 0 bytes, startup_stm32l476xx.o(.text))
<BR>[Address Reference Count : 1]<UL><LI> startup_stm32l476xx.o(RESET)
</UL>
<P><STRONG><a name="[3f]"></a>UART5_IRQHandler</STRONG> (Thumb, 0 bytes, Stack size 0 bytes, startup_stm32l476xx.o(.text))
<BR>[Address Reference Count : 1]<UL><LI> startup_stm32l476xx.o(RESET)
</UL>
<P><STRONG><a name="[2f]"></a>USART1_IRQHandler</STRONG> (Thumb, 0 bytes, Stack size 0 bytes, startup_stm32l476xx.o(.text))
<BR>[Address Reference Count : 1]<UL><LI> startup_stm32l476xx.o(RESET)
</UL>
<P><STRONG><a name="[30]"></a>USART2_IRQHandler</STRONG> (Thumb, 0 bytes, Stack size 0 bytes, startup_stm32l476xx.o(.text))
<BR>[Address Reference Count : 1]<UL><LI> startup_stm32l476xx.o(RESET)
</UL>
<P><STRONG><a name="[31]"></a>USART3_IRQHandler</STRONG> (Thumb, 0 bytes, Stack size 0 bytes, startup_stm32l476xx.o(.text))
<BR>[Address Reference Count : 1]<UL><LI> startup_stm32l476xx.o(RESET)
</UL>
<P><STRONG><a name="[a]"></a>WWDG_IRQHandler</STRONG> (Thumb, 0 bytes, Stack size 0 bytes, startup_stm32l476xx.o(.text))
<BR>[Address Reference Count : 1]<UL><LI> startup_stm32l476xx.o(RESET)
</UL>
<P><STRONG><a name="[6e]"></a>__user_initial_stackheap</STRONG> (Thumb, 0 bytes, Stack size unknown bytes, startup_stm32l476xx.o(.text))
<BR><BR>[Called By]<UL><LI><a href="#[7e]">&gt;&gt;</a>&nbsp;&nbsp;&nbsp;__user_setup_stackheap
</UL>

<P><STRONG><a name="[8a]"></a>__2sprintf</STRONG> (Thumb, 34 bytes, Stack size 32 bytes, noretval__2sprintf.o(.text))
<BR><BR>[Stack]<UL><LI>Max Depth = 128 + Unknown Stack Size
<LI>Call Chain = __2sprintf &rArr; _printf_char_common &rArr; __printf
</UL>
<BR>[Calls]<UL><LI><a href="#[5d]">&gt;&gt;</a>&nbsp;&nbsp;&nbsp;_sputc
<LI><a href="#[8b]">&gt;&gt;</a>&nbsp;&nbsp;&nbsp;_printf_char_common
</UL>
<BR>[Called By]<UL><LI><a href="#[61]">&gt;&gt;</a>&nbsp;&nbsp;&nbsp;LCDConteggioTask
</UL>

<P><STRONG><a name="[76]"></a>_printf_int_dec</STRONG> (Thumb, 104 bytes, Stack size 24 bytes, _printf_dec.o(.text))
<BR><BR>[Stack]<UL><LI>Max Depth = 56<LI>Call Chain = _printf_int_dec &rArr; _printf_int_common
</UL>
<BR>[Calls]<UL><LI><a href="#[8c]">&gt;&gt;</a>&nbsp;&nbsp;&nbsp;_printf_int_common
</UL>
<BR>[Called By]<UL><LI><a href="#[75]">&gt;&gt;</a>&nbsp;&nbsp;&nbsp;_printf_d
</UL>

<P><STRONG><a name="[8d]"></a>__printf</STRONG> (Thumb, 352 bytes, Stack size 32 bytes, __printf_ss_wp.o(.text))
<BR><BR>[Stack]<UL><LI>Max Depth = 32 + Unknown Stack Size
<LI>Call Chain = __printf
</UL>
<BR>[Calls]<UL><LI><a href="#[8f]">&gt;&gt;</a>&nbsp;&nbsp;&nbsp;_printf_percent
<LI><a href="#[8e]">&gt;&gt;</a>&nbsp;&nbsp;&nbsp;_is_digit
</UL>
<BR>[Called By]<UL><LI><a href="#[8b]">&gt;&gt;</a>&nbsp;&nbsp;&nbsp;_printf_char_common
</UL>

<P><STRONG><a name="[e3]"></a>__aeabi_memcpy</STRONG> (Thumb, 0 bytes, Stack size 0 bytes, rt_memcpy_v6.o(.text))
<BR><BR>[Called By]<UL><LI><a href="#[e4]">&gt;&gt;</a>&nbsp;&nbsp;&nbsp;prvCopyDataToQueue
<LI><a href="#[e2]">&gt;&gt;</a>&nbsp;&nbsp;&nbsp;prvCopyDataFromQueue
</UL>

<P><STRONG><a name="[90]"></a>__rt_memcpy</STRONG> (Thumb, 138 bytes, Stack size 0 bytes, rt_memcpy_v6.o(.text), UNUSED)
<BR><BR>[Calls]<UL><LI><a href="#[91]">&gt;&gt;</a>&nbsp;&nbsp;&nbsp;__aeabi_memcpy4
</UL>

<P><STRONG><a name="[143]"></a>_memcpy_lastbytes</STRONG> (Thumb, 0 bytes, Stack size unknown bytes, rt_memcpy_v6.o(.text), UNUSED)

<P><STRONG><a name="[92]"></a>__aeabi_memset4</STRONG> (Thumb, 16 bytes, Stack size 0 bytes, aeabi_memset4.o(.text))
<BR><BR>[Calls]<UL><LI><a href="#[93]">&gt;&gt;</a>&nbsp;&nbsp;&nbsp;_memset_w
</UL>
<BR>[Called By]<UL><LI><a href="#[ea]">&gt;&gt;</a>&nbsp;&nbsp;&nbsp;prvInitialiseNewTask
</UL>

<P><STRONG><a name="[144]"></a>__aeabi_memset8</STRONG> (Thumb, 0 bytes, Stack size 0 bytes, aeabi_memset4.o(.text), UNUSED)

<P><STRONG><a name="[145]"></a>__aeabi_memclr4</STRONG> (Thumb, 0 bytes, Stack size 4 bytes, rt_memclr_w.o(.text), UNUSED)

<P><STRONG><a name="[146]"></a>__aeabi_memclr8</STRONG> (Thumb, 0 bytes, Stack size 4 bytes, rt_memclr_w.o(.text), UNUSED)

<P><STRONG><a name="[147]"></a>__rt_memclr_w</STRONG> (Thumb, 78 bytes, Stack size 4 bytes, rt_memclr_w.o(.text), UNUSED)

<P><STRONG><a name="[93]"></a>_memset_w</STRONG> (Thumb, 0 bytes, Stack size unknown bytes, rt_memclr_w.o(.text))
<BR><BR>[Called By]<UL><LI><a href="#[92]">&gt;&gt;</a>&nbsp;&nbsp;&nbsp;__aeabi_memset4
</UL>

<P><STRONG><a name="[148]"></a>__use_two_region_memory</STRONG> (Thumb, 2 bytes, Stack size 0 bytes, heapauxi.o(.text), UNUSED)

<P><STRONG><a name="[149]"></a>__rt_heap_escrow$2region</STRONG> (Thumb, 2 bytes, Stack size 0 bytes, heapauxi.o(.text), UNUSED)

<P><STRONG><a name="[14a]"></a>__rt_heap_expand$2region</STRONG> (Thumb, 2 bytes, Stack size 0 bytes, heapauxi.o(.text), UNUSED)

<P><STRONG><a name="[8c]"></a>_printf_int_common</STRONG> (Thumb, 178 bytes, Stack size 32 bytes, _printf_intcommon.o(.text))
<BR><BR>[Stack]<UL><LI>Max Depth = 32<LI>Call Chain = _printf_int_common
</UL>
<BR>[Called By]<UL><LI><a href="#[76]">&gt;&gt;</a>&nbsp;&nbsp;&nbsp;_printf_int_dec
</UL>

<P><STRONG><a name="[9a]"></a>_printf_fp_dec_real</STRONG> (Thumb, 620 bytes, Stack size 104 bytes, _printf_fp_dec.o(.text))
<BR><BR>[Stack]<UL><LI>Max Depth = 324<LI>Call Chain = _printf_fp_dec_real &rArr; _fp_digits &rArr; _btod_etento &rArr; _btod_emul &rArr; _e2e
</UL>
<BR>[Calls]<UL><LI><a href="#[9c]">&gt;&gt;</a>&nbsp;&nbsp;&nbsp;_printf_fp_infnan
<LI><a href="#[7a]">&gt;&gt;</a>&nbsp;&nbsp;&nbsp;__rt_locale
<LI><a href="#[94]">&gt;&gt;</a>&nbsp;&nbsp;&nbsp;_fp_digits
<LI><a href="#[9b]">&gt;&gt;</a>&nbsp;&nbsp;&nbsp;__ARM_fpclassify
</UL>
<BR>[Called By]<UL><LI><a href="#[74]">&gt;&gt;</a>&nbsp;&nbsp;&nbsp;_printf_fp_dec
</UL>

<P><STRONG><a name="[8b]"></a>_printf_char_common</STRONG> (Thumb, 32 bytes, Stack size 64 bytes, _printf_char_common.o(.text))
<BR><BR>[Stack]<UL><LI>Max Depth = 96 + Unknown Stack Size
<LI>Call Chain = _printf_char_common &rArr; __printf
</UL>
<BR>[Calls]<UL><LI><a href="#[8d]">&gt;&gt;</a>&nbsp;&nbsp;&nbsp;__printf
</UL>
<BR>[Called By]<UL><LI><a href="#[8a]">&gt;&gt;</a>&nbsp;&nbsp;&nbsp;__2sprintf
</UL>

<P><STRONG><a name="[5d]"></a>_sputc</STRONG> (Thumb, 10 bytes, Stack size 0 bytes, _sputc.o(.text))
<BR><BR>[Called By]<UL><LI><a href="#[8a]">&gt;&gt;</a>&nbsp;&nbsp;&nbsp;__2sprintf
</UL>
<BR>[Address Reference Count : 1]<UL><LI> noretval__2sprintf.o(.text)
</UL>
<P><STRONG><a name="[91]"></a>__aeabi_memcpy4</STRONG> (Thumb, 0 bytes, Stack size 8 bytes, rt_memcpy_w.o(.text), UNUSED)
<BR><BR>[Called By]<UL><LI><a href="#[90]">&gt;&gt;</a>&nbsp;&nbsp;&nbsp;__rt_memcpy
</UL>

<P><STRONG><a name="[14b]"></a>__aeabi_memcpy8</STRONG> (Thumb, 0 bytes, Stack size 8 bytes, rt_memcpy_w.o(.text), UNUSED)

<P><STRONG><a name="[14c]"></a>__rt_memcpy_w</STRONG> (Thumb, 100 bytes, Stack size 8 bytes, rt_memcpy_w.o(.text), UNUSED)

<P><STRONG><a name="[14d]"></a>_memcpy_lastbytes_aligned</STRONG> (Thumb, 0 bytes, Stack size unknown bytes, rt_memcpy_w.o(.text), UNUSED)

<P><STRONG><a name="[7a]"></a>__rt_locale</STRONG> (Thumb, 10 bytes, Stack size 8 bytes, rt_locale_twolibspace.o(.text))
<BR><BR>[Stack]<UL><LI>Max Depth = 8<LI>Call Chain = __rt_locale
</UL>
<BR>[Calls]<UL><LI><a href="#[9d]">&gt;&gt;</a>&nbsp;&nbsp;&nbsp;__user_perproc_libspace
</UL>
<BR>[Called By]<UL><LI><a href="#[9a]">&gt;&gt;</a>&nbsp;&nbsp;&nbsp;_printf_fp_dec_real
<LI><a href="#[79]">&gt;&gt;</a>&nbsp;&nbsp;&nbsp;__rt_lib_init_lc_common
</UL>

<P><STRONG><a name="[99]"></a>_ll_udiv10</STRONG> (Thumb, 138 bytes, Stack size 12 bytes, lludiv10.o(.text))
<BR><BR>[Stack]<UL><LI>Max Depth = 12<LI>Call Chain = _ll_udiv10
</UL>
<BR>[Called By]<UL><LI><a href="#[94]">&gt;&gt;</a>&nbsp;&nbsp;&nbsp;_fp_digits
</UL>

<P><STRONG><a name="[9c]"></a>_printf_fp_infnan</STRONG> (Thumb, 112 bytes, Stack size 24 bytes, _printf_fp_infnan.o(.text))
<BR><BR>[Stack]<UL><LI>Max Depth = 24<LI>Call Chain = _printf_fp_infnan
</UL>
<BR>[Called By]<UL><LI><a href="#[9a]">&gt;&gt;</a>&nbsp;&nbsp;&nbsp;_printf_fp_dec_real
</UL>

<P><STRONG><a name="[95]"></a>_btod_etento</STRONG> (Thumb, 224 bytes, Stack size 72 bytes, bigflt0.o(.text))
<BR><BR>[Stack]<UL><LI>Max Depth = 124<LI>Call Chain = _btod_etento &rArr; _btod_emul &rArr; _e2e
</UL>
<BR>[Calls]<UL><LI><a href="#[98]">&gt;&gt;</a>&nbsp;&nbsp;&nbsp;_btod_emul
<LI><a href="#[97]">&gt;&gt;</a>&nbsp;&nbsp;&nbsp;_btod_ediv
</UL>
<BR>[Called By]<UL><LI><a href="#[94]">&gt;&gt;</a>&nbsp;&nbsp;&nbsp;_fp_digits
</UL>

<P><STRONG><a name="[14e]"></a>__user_libspace</STRONG> (Thumb, 8 bytes, Stack size 0 bytes, libspace.o(.text), UNUSED)

<P><STRONG><a name="[9d]"></a>__user_perproc_libspace</STRONG> (Thumb, 0 bytes, Stack size 0 bytes, libspace.o(.text))
<BR><BR>[Called By]<UL><LI><a href="#[7a]">&gt;&gt;</a>&nbsp;&nbsp;&nbsp;__rt_locale
<LI><a href="#[7e]">&gt;&gt;</a>&nbsp;&nbsp;&nbsp;__user_setup_stackheap
</UL>

<P><STRONG><a name="[7e]"></a>__user_setup_stackheap</STRONG> (Thumb, 74 bytes, Stack size 8 bytes, sys_stackheap_outer.o(.text))
<BR><BR>[Stack]<UL><LI>Max Depth = 8 + Unknown Stack Size
<LI>Call Chain = __user_setup_stackheap
</UL>
<BR>[Calls]<UL><LI><a href="#[6e]">&gt;&gt;</a>&nbsp;&nbsp;&nbsp;__user_initial_stackheap
<LI><a href="#[9d]">&gt;&gt;</a>&nbsp;&nbsp;&nbsp;__user_perproc_libspace
</UL>
<BR>[Called By]<UL><LI><a href="#[7d]">&gt;&gt;</a>&nbsp;&nbsp;&nbsp;__rt_entry_sh
</UL>

<P><STRONG><a name="[85]"></a>exit</STRONG> (Thumb, 18 bytes, Stack size 8 bytes, exit.o(.text))
<BR><BR>[Stack]<UL><LI>Max Depth = 8 + Unknown Stack Size
<LI>Call Chain = exit
</UL>
<BR>[Calls]<UL><LI><a href="#[9e]">&gt;&gt;</a>&nbsp;&nbsp;&nbsp;__rt_exit
</UL>
<BR>[Called By]<UL><LI><a href="#[83]">&gt;&gt;</a>&nbsp;&nbsp;&nbsp;__rt_entry_main
</UL>

<P><STRONG><a name="[120]"></a>strcmp</STRONG> (Thumb, 124 bytes, Stack size 8 bytes, strcmpv7em.o(.text))
<BR><BR>[Stack]<UL><LI>Max Depth = 8<LI>Call Chain = strcmp
</UL>
<BR>[Called By]<UL><LI><a href="#[7c]">&gt;&gt;</a>&nbsp;&nbsp;&nbsp;_get_lc_numeric
</UL>

<P><STRONG><a name="[89]"></a>_sys_exit</STRONG> (Thumb, 8 bytes, Stack size 0 bytes, sys_exit.o(.text))
<BR><BR>[Called By]<UL><LI><a href="#[88]">&gt;&gt;</a>&nbsp;&nbsp;&nbsp;__rt_exit_exit
</UL>

<P><STRONG><a name="[14f]"></a>__I$use$semihosting</STRONG> (Thumb, 0 bytes, Stack size 0 bytes, use_no_semi.o(.text), UNUSED)

<P><STRONG><a name="[150]"></a>__use_no_semihosting_swi</STRONG> (Thumb, 2 bytes, Stack size 0 bytes, use_no_semi.o(.text), UNUSED)

<P><STRONG><a name="[151]"></a>__semihosting_library_function</STRONG> (Thumb, 0 bytes, Stack size unknown bytes, indicate_semi.o(.text), UNUSED)

<P><STRONG><a name="[9f]"></a>BuzzerInit</STRONG> (Thumb, 60 bytes, Stack size 16 bytes, buzzer.o(.text.BuzzerInit))
<BR><BR>[Stack]<UL><LI>Max Depth = 168 + Unknown Stack Size
<LI>Call Chain = BuzzerInit &rArr; xTaskCreate &rArr; pvPortMalloc &rArr; xTaskResumeAll &rArr; xTaskIncrementTick
</UL>
<BR>[Calls]<UL><LI><a href="#[a0]">&gt;&gt;</a>&nbsp;&nbsp;&nbsp;pinMode
<LI><a href="#[a1]">&gt;&gt;</a>&nbsp;&nbsp;&nbsp;xTaskCreate
</UL>
<BR>[Called By]<UL><LI><a href="#[84]">&gt;&gt;</a>&nbsp;&nbsp;&nbsp;main
</UL>

<P><STRONG><a name="[5f]"></a>BuzzerTask</STRONG> (Thumb, 56 bytes, Stack size 8 bytes, buzzer.o(.text.BuzzerTask))
<BR><BR>[Stack]<UL><LI>Max Depth = 120<LI>Call Chain = BuzzerTask &rArr; xEventGroupWaitBits &rArr; xTaskResumeAll &rArr; xTaskIncrementTick
</UL>
<BR>[Calls]<UL><LI><a href="#[a4]">&gt;&gt;</a>&nbsp;&nbsp;&nbsp;vTaskDelay
<LI><a href="#[a3]">&gt;&gt;</a>&nbsp;&nbsp;&nbsp;digitalWrite
<LI><a href="#[a2]">&gt;&gt;</a>&nbsp;&nbsp;&nbsp;xEventGroupWaitBits
</UL>
<BR>[Address Reference Count : 1]<UL><LI> buzzer.o(.text.BuzzerInit)
</UL>
<P><STRONG><a name="[a5]"></a>InfrarossiInit</STRONG> (Thumb, 48 bytes, Stack size 16 bytes, infrarossi.o(.text.InfrarossiInit))
<BR><BR>[Stack]<UL><LI>Max Depth = 168 + Unknown Stack Size
<LI>Call Chain = InfrarossiInit &rArr; xTaskCreate &rArr; pvPortMalloc &rArr; xTaskResumeAll &rArr; xTaskIncrementTick
</UL>
<BR>[Calls]<UL><LI><a href="#[a0]">&gt;&gt;</a>&nbsp;&nbsp;&nbsp;pinMode
<LI><a href="#[a1]">&gt;&gt;</a>&nbsp;&nbsp;&nbsp;xTaskCreate
</UL>
<BR>[Called By]<UL><LI><a href="#[84]">&gt;&gt;</a>&nbsp;&nbsp;&nbsp;main
</UL>

<P><STRONG><a name="[60]"></a>InfrarossiTask</STRONG> (Thumb, 102 bytes, Stack size 8 bytes, infrarossi.o(.text.InfrarossiTask))
<BR><BR>[Stack]<UL><LI>Max Depth = 120<LI>Call Chain = InfrarossiTask &rArr; xEventGroupWaitBits &rArr; xTaskResumeAll &rArr; xTaskIncrementTick
</UL>
<BR>[Calls]<UL><LI><a href="#[a4]">&gt;&gt;</a>&nbsp;&nbsp;&nbsp;vTaskDelay
<LI><a href="#[a7]">&gt;&gt;</a>&nbsp;&nbsp;&nbsp;digitalRead
<LI><a href="#[a2]">&gt;&gt;</a>&nbsp;&nbsp;&nbsp;xEventGroupWaitBits
<LI><a href="#[a6]">&gt;&gt;</a>&nbsp;&nbsp;&nbsp;xEventGroupSetBits
</UL>
<BR>[Address Reference Count : 1]<UL><LI> infrarossi.o(.text.InfrarossiInit)
</UL>
<P><STRONG><a name="[aa]"></a>LCDClear</STRONG> (Thumb, 40 bytes, Stack size 0 bytes, lcd.o(.text.LCDClear))
<BR><BR>[Called By]<UL><LI><a href="#[b0]">&gt;&gt;</a>&nbsp;&nbsp;&nbsp;LCDInitialization
<LI><a href="#[61]">&gt;&gt;</a>&nbsp;&nbsp;&nbsp;LCDConteggioTask
</UL>

<P><STRONG><a name="[b2]"></a>LCDClockInit</STRONG> (Thumb, 148 bytes, Stack size 0 bytes, lcd.o(.text.LCDClockInit))
<BR><BR>[Called By]<UL><LI><a href="#[b0]">&gt;&gt;</a>&nbsp;&nbsp;&nbsp;LCDInitialization
</UL>

<P><STRONG><a name="[b3]"></a>LCDConfigure</STRONG> (Thumb, 78 bytes, Stack size 0 bytes, lcd.o(.text.LCDConfigure))
<BR><BR>[Called By]<UL><LI><a href="#[b0]">&gt;&gt;</a>&nbsp;&nbsp;&nbsp;LCDInitialization
</UL>

<P><STRONG><a name="[61]"></a>LCDConteggioTask</STRONG> (Thumb, 124 bytes, Stack size 16 bytes, rullolcd.o(.text.LCDConteggioTask))
<BR><BR>[Stack]<UL><LI>Max Depth = 144 + Unknown Stack Size
<LI>Call Chain = LCDConteggioTask &rArr; __2sprintf &rArr; _printf_char_common &rArr; __printf
</UL>
<BR>[Calls]<UL><LI><a href="#[ac]">&gt;&gt;</a>&nbsp;&nbsp;&nbsp;LedVerdeOn
<LI><a href="#[a9]">&gt;&gt;</a>&nbsp;&nbsp;&nbsp;LedVerdeOff
<LI><a href="#[a8]">&gt;&gt;</a>&nbsp;&nbsp;&nbsp;LedRossoOn
<LI><a href="#[ad]">&gt;&gt;</a>&nbsp;&nbsp;&nbsp;LedRossoOff
<LI><a href="#[ab]">&gt;&gt;</a>&nbsp;&nbsp;&nbsp;LCDDisplayString
<LI><a href="#[aa]">&gt;&gt;</a>&nbsp;&nbsp;&nbsp;LCDClear
<LI><a href="#[a2]">&gt;&gt;</a>&nbsp;&nbsp;&nbsp;xEventGroupWaitBits
<LI><a href="#[8a]">&gt;&gt;</a>&nbsp;&nbsp;&nbsp;__2sprintf
</UL>
<BR>[Address Reference Count : 1]<UL><LI> rullolcd.o(.text.LCDInit)
</UL>
<P><STRONG><a name="[ab]"></a>LCDDisplayString</STRONG> (Thumb, 52 bytes, Stack size 16 bytes, lcd.o(.text.LCDDisplayString))
<BR><BR>[Stack]<UL><LI>Max Depth = 48<LI>Call Chain = LCDDisplayString &rArr; LCDWriteChar &rArr; LCDConvCharSeg
</UL>
<BR>[Calls]<UL><LI><a href="#[ae]">&gt;&gt;</a>&nbsp;&nbsp;&nbsp;LCDWriteChar
</UL>
<BR>[Called By]<UL><LI><a href="#[af]">&gt;&gt;</a>&nbsp;&nbsp;&nbsp;LCDInit
<LI><a href="#[61]">&gt;&gt;</a>&nbsp;&nbsp;&nbsp;LCDConteggioTask
</UL>

<P><STRONG><a name="[af]"></a>LCDInit</STRONG> (Thumb, 72 bytes, Stack size 16 bytes, rullolcd.o(.text.LCDInit))
<BR><BR>[Stack]<UL><LI>Max Depth = 168 + Unknown Stack Size
<LI>Call Chain = LCDInit &rArr; xTaskCreate &rArr; pvPortMalloc &rArr; xTaskResumeAll &rArr; xTaskIncrementTick
</UL>
<BR>[Calls]<UL><LI><a href="#[b0]">&gt;&gt;</a>&nbsp;&nbsp;&nbsp;LCDInitialization
<LI><a href="#[ab]">&gt;&gt;</a>&nbsp;&nbsp;&nbsp;LCDDisplayString
<LI><a href="#[a1]">&gt;&gt;</a>&nbsp;&nbsp;&nbsp;xTaskCreate
</UL>
<BR>[Called By]<UL><LI><a href="#[84]">&gt;&gt;</a>&nbsp;&nbsp;&nbsp;main
</UL>

<P><STRONG><a name="[b0]"></a>LCDInitialization</STRONG> (Thumb, 20 bytes, Stack size 8 bytes, lcd.o(.text.LCDInitialization))
<BR><BR>[Stack]<UL><LI>Max Depth = 8<LI>Call Chain = LCDInitialization
</UL>
<BR>[Calls]<UL><LI><a href="#[b1]">&gt;&gt;</a>&nbsp;&nbsp;&nbsp;LCDPinInit
<LI><a href="#[b3]">&gt;&gt;</a>&nbsp;&nbsp;&nbsp;LCDConfigure
<LI><a href="#[b2]">&gt;&gt;</a>&nbsp;&nbsp;&nbsp;LCDClockInit
<LI><a href="#[aa]">&gt;&gt;</a>&nbsp;&nbsp;&nbsp;LCDClear
</UL>
<BR>[Called By]<UL><LI><a href="#[af]">&gt;&gt;</a>&nbsp;&nbsp;&nbsp;LCDInit
</UL>

<P><STRONG><a name="[b1]"></a>LCDPinInit</STRONG> (Thumb, 316 bytes, Stack size 0 bytes, lcd.o(.text.LCDPinInit))
<BR><BR>[Called By]<UL><LI><a href="#[b0]">&gt;&gt;</a>&nbsp;&nbsp;&nbsp;LCDInitialization
</UL>

<P><STRONG><a name="[ae]"></a>LCDWriteChar</STRONG> (Thumb, 1260 bytes, Stack size 24 bytes, lcd.o(.text.LCDWriteChar))
<BR><BR>[Stack]<UL><LI>Max Depth = 32<LI>Call Chain = LCDWriteChar &rArr; LCDConvCharSeg
</UL>
<BR>[Calls]<UL><LI><a href="#[b4]">&gt;&gt;</a>&nbsp;&nbsp;&nbsp;LCDConvCharSeg
</UL>
<BR>[Called By]<UL><LI><a href="#[ab]">&gt;&gt;</a>&nbsp;&nbsp;&nbsp;LCDDisplayString
</UL>

<P><STRONG><a name="[b5]"></a>LedInit</STRONG> (Thumb, 12 bytes, Stack size 8 bytes, led.o(.text.LedInit))
<BR><BR>[Stack]<UL><LI>Max Depth = 8<LI>Call Chain = LedInit
</UL>
<BR>[Calls]<UL><LI><a href="#[b7]">&gt;&gt;</a>&nbsp;&nbsp;&nbsp;LedVerdeInit
<LI><a href="#[b6]">&gt;&gt;</a>&nbsp;&nbsp;&nbsp;LedRossoInit
</UL>
<BR>[Called By]<UL><LI><a href="#[84]">&gt;&gt;</a>&nbsp;&nbsp;&nbsp;main
</UL>

<P><STRONG><a name="[b6]"></a>LedRossoInit</STRONG> (Thumb, 42 bytes, Stack size 0 bytes, led.o(.text.LedRossoInit))
<BR><BR>[Called By]<UL><LI><a href="#[b5]">&gt;&gt;</a>&nbsp;&nbsp;&nbsp;LedInit
</UL>

<P><STRONG><a name="[ad]"></a>LedRossoOff</STRONG> (Thumb, 18 bytes, Stack size 0 bytes, led.o(.text.LedRossoOff))
<BR><BR>[Called By]<UL><LI><a href="#[61]">&gt;&gt;</a>&nbsp;&nbsp;&nbsp;LCDConteggioTask
</UL>

<P><STRONG><a name="[a8]"></a>LedRossoOn</STRONG> (Thumb, 18 bytes, Stack size 0 bytes, led.o(.text.LedRossoOn))
<BR><BR>[Called By]<UL><LI><a href="#[61]">&gt;&gt;</a>&nbsp;&nbsp;&nbsp;LCDConteggioTask
</UL>

<P><STRONG><a name="[b7]"></a>LedVerdeInit</STRONG> (Thumb, 42 bytes, Stack size 0 bytes, led.o(.text.LedVerdeInit))
<BR><BR>[Called By]<UL><LI><a href="#[b5]">&gt;&gt;</a>&nbsp;&nbsp;&nbsp;LedInit
</UL>

<P><STRONG><a name="[a9]"></a>LedVerdeOff</STRONG> (Thumb, 18 bytes, Stack size 0 bytes, led.o(.text.LedVerdeOff))
<BR><BR>[Called By]<UL><LI><a href="#[61]">&gt;&gt;</a>&nbsp;&nbsp;&nbsp;LCDConteggioTask
</UL>

<P><STRONG><a name="[ac]"></a>LedVerdeOn</STRONG> (Thumb, 18 bytes, Stack size 0 bytes, led.o(.text.LedVerdeOn))
<BR><BR>[Called By]<UL><LI><a href="#[61]">&gt;&gt;</a>&nbsp;&nbsp;&nbsp;LCDConteggioTask
</UL>

<P><STRONG><a name="[b8]"></a>MotoreInit</STRONG> (Thumb, 156 bytes, Stack size 24 bytes, motore.o(.text.MotoreInit))
<BR><BR>[Stack]<UL><LI>Max Depth = 176 + Unknown Stack Size
<LI>Call Chain = MotoreInit &rArr; xTaskCreate &rArr; pvPortMalloc &rArr; xTaskResumeAll &rArr; xTaskIncrementTick
</UL>
<BR>[Calls]<UL><LI><a href="#[a1]">&gt;&gt;</a>&nbsp;&nbsp;&nbsp;xTaskCreate
</UL>
<BR>[Called By]<UL><LI><a href="#[84]">&gt;&gt;</a>&nbsp;&nbsp;&nbsp;main
</UL>

<P><STRONG><a name="[62]"></a>MotoreStartTask</STRONG> (Thumb, 20 bytes, Stack size 0 bytes, motore.o(.text.MotoreStartTask))
<BR><BR>[Stack]<UL><LI>Max Depth = 8 + In Cycle
<LI>Call Chain = MotoreStartTask &rArr;  MotoreStartTask (Cycle)
</UL>
<BR>[Calls]<UL><LI><a href="#[ba]">&gt;&gt;</a>&nbsp;&nbsp;&nbsp;TIM5_CH2_PWM
<LI><a href="#[b9]">&gt;&gt;</a>&nbsp;&nbsp;&nbsp;SwUpClick
<LI><a href="#[62]">&gt;&gt;</a>&nbsp;&nbsp;&nbsp;MotoreStartTask
</UL>
<BR>[Called By]<UL><LI><a href="#[62]">&gt;&gt;</a>&nbsp;&nbsp;&nbsp;MotoreStartTask
</UL>
<BR>[Address Reference Count : 1]<UL><LI> motore.o(.text.MotoreInit)
</UL>
<P><STRONG><a name="[63]"></a>MotoreStopTask</STRONG> (Thumb, 20 bytes, Stack size 0 bytes, motore.o(.text.MotoreStopTask))
<BR><BR>[Stack]<UL><LI>Max Depth = 8 + In Cycle
<LI>Call Chain = MotoreStopTask &rArr;  MotoreStopTask (Cycle)
</UL>
<BR>[Calls]<UL><LI><a href="#[ba]">&gt;&gt;</a>&nbsp;&nbsp;&nbsp;TIM5_CH2_PWM
<LI><a href="#[bb]">&gt;&gt;</a>&nbsp;&nbsp;&nbsp;SwRightClick
<LI><a href="#[63]">&gt;&gt;</a>&nbsp;&nbsp;&nbsp;MotoreStopTask
</UL>
<BR>[Called By]<UL><LI><a href="#[63]">&gt;&gt;</a>&nbsp;&nbsp;&nbsp;MotoreStopTask
</UL>
<BR>[Address Reference Count : 1]<UL><LI> motore.o(.text.MotoreInit)
</UL>
<P><STRONG><a name="[8]"></a>PendSV_Handler</STRONG> (Thumb, 100 bytes, Stack size 0 bytes, port.o(.text.PendSV_Handler))
<BR><BR>[Stack]<UL><LI>Max Depth = 8<LI>Call Chain = PendSV_Handler &rArr; vTaskSwitchContext
</UL>
<BR>[Calls]<UL><LI><a href="#[6d]">&gt;&gt;</a>&nbsp;&nbsp;&nbsp;vTaskSwitchContext
</UL>
<BR>[Address Reference Count : 1]<UL><LI> startup_stm32l476xx.o(RESET)
</UL>
<P><STRONG><a name="[6]"></a>SVC_Handler</STRONG> (Thumb, 36 bytes, Stack size 0 bytes, port.o(.text.SVC_Handler))
<BR>[Address Reference Count : 1]<UL><LI> startup_stm32l476xx.o(RESET)
</UL>
<P><STRONG><a name="[bc]"></a>ServoMotoreInit</STRONG> (Thumb, 172 bytes, Stack size 24 bytes, servo.o(.text.ServoMotoreInit))
<BR><BR>[Stack]<UL><LI>Max Depth = 176 + Unknown Stack Size
<LI>Call Chain = ServoMotoreInit &rArr; xTaskCreate &rArr; pvPortMalloc &rArr; xTaskResumeAll &rArr; xTaskIncrementTick
</UL>
<BR>[Calls]<UL><LI><a href="#[a1]">&gt;&gt;</a>&nbsp;&nbsp;&nbsp;xTaskCreate
<LI><a href="#[bd]">&gt;&gt;</a>&nbsp;&nbsp;&nbsp;TIM1_CH2_PWM
</UL>
<BR>[Called By]<UL><LI><a href="#[84]">&gt;&gt;</a>&nbsp;&nbsp;&nbsp;main
</UL>

<P><STRONG><a name="[64]"></a>ServoSmistaDxTask</STRONG> (Thumb, 78 bytes, Stack size 8 bytes, servo.o(.text.ServoSmistaDxTask))
<BR><BR>[Stack]<UL><LI>Max Depth = 120<LI>Call Chain = ServoSmistaDxTask &rArr; xEventGroupWaitBits &rArr; xTaskResumeAll &rArr; xTaskIncrementTick
</UL>
<BR>[Calls]<UL><LI><a href="#[a4]">&gt;&gt;</a>&nbsp;&nbsp;&nbsp;vTaskDelay
<LI><a href="#[a2]">&gt;&gt;</a>&nbsp;&nbsp;&nbsp;xEventGroupWaitBits
</UL>
<BR>[Address Reference Count : 1]<UL><LI> servo.o(.text.ServoMotoreInit)
</UL>
<P><STRONG><a name="[65]"></a>ServoSmistaSxTask</STRONG> (Thumb, 78 bytes, Stack size 8 bytes, servo.o(.text.ServoSmistaSxTask))
<BR><BR>[Stack]<UL><LI>Max Depth = 120<LI>Call Chain = ServoSmistaSxTask &rArr; xEventGroupWaitBits &rArr; xTaskResumeAll &rArr; xTaskIncrementTick
</UL>
<BR>[Calls]<UL><LI><a href="#[a4]">&gt;&gt;</a>&nbsp;&nbsp;&nbsp;vTaskDelay
<LI><a href="#[a2]">&gt;&gt;</a>&nbsp;&nbsp;&nbsp;xEventGroupWaitBits
</UL>
<BR>[Address Reference Count : 1]<UL><LI> servo.o(.text.ServoMotoreInit)
</UL>
<P><STRONG><a name="[bf]"></a>SwCenterInit</STRONG> (Thumb, 60 bytes, Stack size 0 bytes, puls.o(.text.SwCenterInit))
<BR><BR>[Called By]<UL><LI><a href="#[be]">&gt;&gt;</a>&nbsp;&nbsp;&nbsp;SwInit
</UL>

<P><STRONG><a name="[c3]"></a>SwDownInit</STRONG> (Thumb, 60 bytes, Stack size 0 bytes, puls.o(.text.SwDownInit))
<BR><BR>[Called By]<UL><LI><a href="#[be]">&gt;&gt;</a>&nbsp;&nbsp;&nbsp;SwInit
</UL>

<P><STRONG><a name="[be]"></a>SwInit</STRONG> (Thumb, 24 bytes, Stack size 8 bytes, puls.o(.text.SwInit))
<BR><BR>[Stack]<UL><LI>Max Depth = 8<LI>Call Chain = SwInit
</UL>
<BR>[Calls]<UL><LI><a href="#[c2]">&gt;&gt;</a>&nbsp;&nbsp;&nbsp;SwUpInit
<LI><a href="#[c1]">&gt;&gt;</a>&nbsp;&nbsp;&nbsp;SwRightInit
<LI><a href="#[c0]">&gt;&gt;</a>&nbsp;&nbsp;&nbsp;SwLeftInit
<LI><a href="#[c3]">&gt;&gt;</a>&nbsp;&nbsp;&nbsp;SwDownInit
<LI><a href="#[bf]">&gt;&gt;</a>&nbsp;&nbsp;&nbsp;SwCenterInit
</UL>
<BR>[Called By]<UL><LI><a href="#[84]">&gt;&gt;</a>&nbsp;&nbsp;&nbsp;main
</UL>

<P><STRONG><a name="[c0]"></a>SwLeftInit</STRONG> (Thumb, 60 bytes, Stack size 0 bytes, puls.o(.text.SwLeftInit))
<BR><BR>[Called By]<UL><LI><a href="#[be]">&gt;&gt;</a>&nbsp;&nbsp;&nbsp;SwInit
</UL>

<P><STRONG><a name="[bb]"></a>SwRightClick</STRONG> (Thumb, 30 bytes, Stack size 8 bytes, puls.o(.text.SwRightClick))
<BR><BR>[Stack]<UL><LI>Max Depth = 8<LI>Call Chain = SwRightClick
</UL>
<BR>[Calls]<UL><LI><a href="#[a7]">&gt;&gt;</a>&nbsp;&nbsp;&nbsp;digitalRead
</UL>
<BR>[Called By]<UL><LI><a href="#[63]">&gt;&gt;</a>&nbsp;&nbsp;&nbsp;MotoreStopTask
</UL>

<P><STRONG><a name="[c1]"></a>SwRightInit</STRONG> (Thumb, 60 bytes, Stack size 0 bytes, puls.o(.text.SwRightInit))
<BR><BR>[Called By]<UL><LI><a href="#[be]">&gt;&gt;</a>&nbsp;&nbsp;&nbsp;SwInit
</UL>

<P><STRONG><a name="[b9]"></a>SwUpClick</STRONG> (Thumb, 30 bytes, Stack size 8 bytes, puls.o(.text.SwUpClick))
<BR><BR>[Stack]<UL><LI>Max Depth = 8<LI>Call Chain = SwUpClick
</UL>
<BR>[Calls]<UL><LI><a href="#[a7]">&gt;&gt;</a>&nbsp;&nbsp;&nbsp;digitalRead
</UL>
<BR>[Called By]<UL><LI><a href="#[62]">&gt;&gt;</a>&nbsp;&nbsp;&nbsp;MotoreStartTask
</UL>

<P><STRONG><a name="[c2]"></a>SwUpInit</STRONG> (Thumb, 60 bytes, Stack size 0 bytes, puls.o(.text.SwUpInit))
<BR><BR>[Called By]<UL><LI><a href="#[be]">&gt;&gt;</a>&nbsp;&nbsp;&nbsp;SwInit
</UL>

<P><STRONG><a name="[9]"></a>SysTick_Handler</STRONG> (Thumb, 26 bytes, Stack size 8 bytes, cmsis_os2.o(.text.SysTick_Handler))
<BR><BR>[Stack]<UL><LI>Max Depth = 56<LI>Call Chain = SysTick_Handler &rArr; xPortSysTickHandler &rArr; xTaskIncrementTick
</UL>
<BR>[Calls]<UL><LI><a href="#[c5]">&gt;&gt;</a>&nbsp;&nbsp;&nbsp;xPortSysTickHandler
<LI><a href="#[c4]">&gt;&gt;</a>&nbsp;&nbsp;&nbsp;xTaskGetSchedulerState
</UL>
<BR>[Address Reference Count : 1]<UL><LI> startup_stm32l476xx.o(RESET)
</UL>
<P><STRONG><a name="[d4]"></a>SystemCoreClockUpdate</STRONG> (Thumb, 190 bytes, Stack size 0 bytes, system_stm32l4xx.o(.text.SystemCoreClockUpdate))
<BR><BR>[Called By]<UL><LI><a href="#[d1]">&gt;&gt;</a>&nbsp;&nbsp;&nbsp;pllInit
</UL>

<P><STRONG><a name="[5b]"></a>SystemInit</STRONG> (Thumb, 82 bytes, Stack size 0 bytes, system_stm32l4xx.o(.text.SystemInit))
<BR>[Address Reference Count : 1]<UL><LI> startup_stm32l476xx.o(.text)
</UL>
<P><STRONG><a name="[bd]"></a>TIM1_CH2_PWM</STRONG> (Thumb, 118 bytes, Stack size 0 bytes, timer.o(.text.TIM1_CH2_PWM))
<BR><BR>[Called By]<UL><LI><a href="#[bc]">&gt;&gt;</a>&nbsp;&nbsp;&nbsp;ServoMotoreInit
</UL>

<P><STRONG><a name="[c6]"></a>TIM2_CH1_InCapt_SM</STRONG> (Thumb, 156 bytes, Stack size 8 bytes, timer.o(.text.TIM2_CH1_InCapt_SM))
<BR><BR>[Stack]<UL><LI>Max Depth = 8<LI>Call Chain = TIM2_CH1_InCapt_SM
</UL>
<BR>[Calls]<UL><LI><a href="#[c7]">&gt;&gt;</a>&nbsp;&nbsp;&nbsp;__NVIC_SetPriority
<LI><a href="#[c8]">&gt;&gt;</a>&nbsp;&nbsp;&nbsp;__NVIC_EnableIRQ
</UL>
<BR>[Called By]<UL><LI><a href="#[c9]">&gt;&gt;</a>&nbsp;&nbsp;&nbsp;UltrasuoniInit
</UL>

<P><STRONG><a name="[26]"></a>TIM2_IRQHandler</STRONG> (Thumb, 68 bytes, Stack size 8 bytes, ultrasuoni.o(.text.TIM2_IRQHandler))
<BR><BR>[Stack]<UL><LI>Max Depth = 120<LI>Call Chain = TIM2_IRQHandler &rArr; xEventGroupSetBits &rArr; xTaskResumeAll &rArr; xTaskIncrementTick
</UL>
<BR>[Calls]<UL><LI><a href="#[a6]">&gt;&gt;</a>&nbsp;&nbsp;&nbsp;xEventGroupSetBits
</UL>
<BR>[Address Reference Count : 1]<UL><LI> startup_stm32l476xx.o(RESET)
</UL>
<P><STRONG><a name="[ca]"></a>TIM4_CH1_PWM</STRONG> (Thumb, 114 bytes, Stack size 0 bytes, timer.o(.text.TIM4_CH1_PWM))
<BR><BR>[Called By]<UL><LI><a href="#[c9]">&gt;&gt;</a>&nbsp;&nbsp;&nbsp;UltrasuoniInit
</UL>

<P><STRONG><a name="[ba]"></a>TIM5_CH2_PWM</STRONG> (Thumb, 110 bytes, Stack size 0 bytes, timer.o(.text.TIM5_CH2_PWM))
<BR><BR>[Called By]<UL><LI><a href="#[63]">&gt;&gt;</a>&nbsp;&nbsp;&nbsp;MotoreStopTask
<LI><a href="#[62]">&gt;&gt;</a>&nbsp;&nbsp;&nbsp;MotoreStartTask
</UL>

<P><STRONG><a name="[c9]"></a>UltrasuoniInit</STRONG> (Thumb, 126 bytes, Stack size 8 bytes, ultrasuoni.o(.text.UltrasuoniInit))
<BR><BR>[Stack]<UL><LI>Max Depth = 16<LI>Call Chain = UltrasuoniInit &rArr; TIM2_CH1_InCapt_SM
</UL>
<BR>[Calls]<UL><LI><a href="#[ca]">&gt;&gt;</a>&nbsp;&nbsp;&nbsp;TIM4_CH1_PWM
<LI><a href="#[c6]">&gt;&gt;</a>&nbsp;&nbsp;&nbsp;TIM2_CH1_InCapt_SM
</UL>
<BR>[Called By]<UL><LI><a href="#[84]">&gt;&gt;</a>&nbsp;&nbsp;&nbsp;main
</UL>

<P><STRONG><a name="[6a]"></a>_mutex_acquire</STRONG> (Thumb, 26 bytes, Stack size 8 bytes, clib_arm.o(.text._mutex_acquire), UNUSED, KEPT)
<BR><BR>[Stack]<UL><LI>Max Depth = 144<LI>Call Chain = _mutex_acquire &rArr; xQueueSemaphoreTake &rArr; xTaskResumeAll &rArr; xTaskIncrementTick
</UL>
<BR>[Calls]<UL><LI><a href="#[cc]">&gt;&gt;</a>&nbsp;&nbsp;&nbsp;xQueueSemaphoreTake
<LI><a href="#[cb]">&gt;&gt;</a>&nbsp;&nbsp;&nbsp;os_kernel_is_active
</UL>

<P><STRONG><a name="[6c]"></a>_mutex_free</STRONG> (Thumb, 48 bytes, Stack size 8 bytes, clib_arm.o(.text._mutex_free), UNUSED, KEPT)
<BR><BR>[Stack]<UL><LI>Max Depth = 112<LI>Call Chain = _mutex_free &rArr; vQueueDelete &rArr; vPortFree &rArr; xTaskResumeAll &rArr; xTaskIncrementTick
</UL>
<BR>[Calls]<UL><LI><a href="#[cd]">&gt;&gt;</a>&nbsp;&nbsp;&nbsp;vQueueDelete
</UL>

<P><STRONG><a name="[69]"></a>_mutex_initialize</STRONG> (Thumb, 82 bytes, Stack size 16 bytes, clib_arm.o(.text._mutex_initialize), UNUSED, KEPT)
<BR><BR>[Stack]<UL><LI>Max Depth = 168<LI>Call Chain = _mutex_initialize &rArr; xQueueCreateMutexStatic &rArr; prvInitialiseMutex &rArr; xQueueGenericSend &rArr; xTaskResumeAll &rArr; xTaskIncrementTick
</UL>
<BR>[Calls]<UL><LI><a href="#[cf]">&gt;&gt;</a>&nbsp;&nbsp;&nbsp;xQueueCreateMutexStatic
<LI><a href="#[ce]">&gt;&gt;</a>&nbsp;&nbsp;&nbsp;xQueueCreateMutex
<LI><a href="#[cb]">&gt;&gt;</a>&nbsp;&nbsp;&nbsp;os_kernel_is_active
</UL>

<P><STRONG><a name="[6b]"></a>_mutex_release</STRONG> (Thumb, 28 bytes, Stack size 8 bytes, clib_arm.o(.text._mutex_release), UNUSED, KEPT)
<BR><BR>[Stack]<UL><LI>Max Depth = 136<LI>Call Chain = _mutex_release &rArr; xQueueGenericSend &rArr; xTaskResumeAll &rArr; xTaskIncrementTick
</UL>
<BR>[Calls]<UL><LI><a href="#[d0]">&gt;&gt;</a>&nbsp;&nbsp;&nbsp;xQueueGenericSend
<LI><a href="#[cb]">&gt;&gt;</a>&nbsp;&nbsp;&nbsp;os_kernel_is_active
</UL>

<P><STRONG><a name="[80]"></a>_platform_post_stackheap_init</STRONG> (Thumb, 2 bytes, Stack size 0 bytes, clib_arm.o(.text._platform_post_stackheap_init))
<BR><BR>[Called By]<UL><LI><a href="#[7f]">&gt;&gt;</a>&nbsp;&nbsp;&nbsp;__rt_entry_postsh_1
</UL>

<P><STRONG><a name="[a7]"></a>digitalRead</STRONG> (Thumb, 40 bytes, Stack size 0 bytes, arduino.o(.text.digitalRead))
<BR><BR>[Called By]<UL><LI><a href="#[60]">&gt;&gt;</a>&nbsp;&nbsp;&nbsp;InfrarossiTask
<LI><a href="#[b9]">&gt;&gt;</a>&nbsp;&nbsp;&nbsp;SwUpClick
<LI><a href="#[bb]">&gt;&gt;</a>&nbsp;&nbsp;&nbsp;SwRightClick
</UL>

<P><STRONG><a name="[a3]"></a>digitalWrite</STRONG> (Thumb, 56 bytes, Stack size 8 bytes, arduino.o(.text.digitalWrite))
<BR><BR>[Stack]<UL><LI>Max Depth = 8<LI>Call Chain = digitalWrite
</UL>
<BR>[Called By]<UL><LI><a href="#[5f]">&gt;&gt;</a>&nbsp;&nbsp;&nbsp;BuzzerTask
</UL>

<P><STRONG><a name="[84]"></a>main</STRONG> (Thumb, 66 bytes, Stack size 8 bytes, main.o(.text.main))
<BR><BR>[Stack]<UL><LI>Max Depth = 184 + Unknown Stack Size
<LI>Call Chain = main &rArr; ServoMotoreInit &rArr; xTaskCreate &rArr; pvPortMalloc &rArr; xTaskResumeAll &rArr; xTaskIncrementTick
</UL>
<BR>[Calls]<UL><LI><a href="#[d2]">&gt;&gt;</a>&nbsp;&nbsp;&nbsp;xEventGroupCreate
<LI><a href="#[d3]">&gt;&gt;</a>&nbsp;&nbsp;&nbsp;vTaskStartScheduler
<LI><a href="#[c9]">&gt;&gt;</a>&nbsp;&nbsp;&nbsp;UltrasuoniInit
<LI><a href="#[be]">&gt;&gt;</a>&nbsp;&nbsp;&nbsp;SwInit
<LI><a href="#[bc]">&gt;&gt;</a>&nbsp;&nbsp;&nbsp;ServoMotoreInit
<LI><a href="#[b8]">&gt;&gt;</a>&nbsp;&nbsp;&nbsp;MotoreInit
<LI><a href="#[af]">&gt;&gt;</a>&nbsp;&nbsp;&nbsp;LCDInit
<LI><a href="#[a5]">&gt;&gt;</a>&nbsp;&nbsp;&nbsp;InfrarossiInit
<LI><a href="#[9f]">&gt;&gt;</a>&nbsp;&nbsp;&nbsp;BuzzerInit
<LI><a href="#[b5]">&gt;&gt;</a>&nbsp;&nbsp;&nbsp;LedInit
<LI><a href="#[d1]">&gt;&gt;</a>&nbsp;&nbsp;&nbsp;pllInit
</UL>
<BR>[Called By]<UL><LI><a href="#[83]">&gt;&gt;</a>&nbsp;&nbsp;&nbsp;__rt_entry_main
</UL>

<P><STRONG><a name="[a0]"></a>pinMode</STRONG> (Thumb, 84 bytes, Stack size 16 bytes, arduino.o(.text.pinMode))
<BR><BR>[Stack]<UL><LI>Max Depth = 16<LI>Call Chain = pinMode
</UL>
<BR>[Called By]<UL><LI><a href="#[a5]">&gt;&gt;</a>&nbsp;&nbsp;&nbsp;InfrarossiInit
<LI><a href="#[9f]">&gt;&gt;</a>&nbsp;&nbsp;&nbsp;BuzzerInit
</UL>

<P><STRONG><a name="[d1]"></a>pllInit</STRONG> (Thumb, 230 bytes, Stack size 8 bytes, clock.o(.text.pllInit))
<BR><BR>[Stack]<UL><LI>Max Depth = 8<LI>Call Chain = pllInit
</UL>
<BR>[Calls]<UL><LI><a href="#[d4]">&gt;&gt;</a>&nbsp;&nbsp;&nbsp;SystemCoreClockUpdate
</UL>
<BR>[Called By]<UL><LI><a href="#[84]">&gt;&gt;</a>&nbsp;&nbsp;&nbsp;main
</UL>

<P><STRONG><a name="[ff]"></a>pvPortMalloc</STRONG> (Thumb, 278 bytes, Stack size 32 bytes, heap_4.o(.text.pvPortMalloc))
<BR><BR>[Stack]<UL><LI>Max Depth = 112<LI>Call Chain = pvPortMalloc &rArr; xTaskResumeAll &rArr; xTaskIncrementTick
</UL>
<BR>[Calls]<UL><LI><a href="#[f7]">&gt;&gt;</a>&nbsp;&nbsp;&nbsp;xTaskResumeAll
<LI><a href="#[f6]">&gt;&gt;</a>&nbsp;&nbsp;&nbsp;vTaskSuspendAll
<LI><a href="#[101]">&gt;&gt;</a>&nbsp;&nbsp;&nbsp;prvInsertBlockIntoFreeList
<LI><a href="#[100]">&gt;&gt;</a>&nbsp;&nbsp;&nbsp;prvHeapInit
</UL>
<BR>[Called By]<UL><LI><a href="#[d2]">&gt;&gt;</a>&nbsp;&nbsp;&nbsp;xEventGroupCreate
<LI><a href="#[a1]">&gt;&gt;</a>&nbsp;&nbsp;&nbsp;xTaskCreate
<LI><a href="#[112]">&gt;&gt;</a>&nbsp;&nbsp;&nbsp;xQueueGenericCreate
</UL>

<P><STRONG><a name="[116]"></a>pvTaskIncrementMutexHeldCount</STRONG> (Thumb, 24 bytes, Stack size 0 bytes, tasks.o(.text.pvTaskIncrementMutexHeldCount), UNUSED, KEPT)
<BR><BR>[Called By]<UL><LI><a href="#[cc]">&gt;&gt;</a>&nbsp;&nbsp;&nbsp;xQueueSemaphoreTake
</UL>

<P><STRONG><a name="[ec]"></a>pxPortInitialiseStack</STRONG> (Thumb, 40 bytes, Stack size 0 bytes, port.o(.text.pxPortInitialiseStack))
<BR><BR>[Called By]<UL><LI><a href="#[ea]">&gt;&gt;</a>&nbsp;&nbsp;&nbsp;prvInitialiseNewTask
</UL>

<P><STRONG><a name="[d6]"></a>uxListRemove</STRONG> (Thumb, 40 bytes, Stack size 0 bytes, list.o(.text.uxListRemove))
<BR><BR>[Called By]<UL><LI><a href="#[f7]">&gt;&gt;</a>&nbsp;&nbsp;&nbsp;xTaskResumeAll
<LI><a href="#[fd]">&gt;&gt;</a>&nbsp;&nbsp;&nbsp;xTaskRemoveFromEventList
<LI><a href="#[117]">&gt;&gt;</a>&nbsp;&nbsp;&nbsp;xTaskPriorityInherit
<LI><a href="#[e5]">&gt;&gt;</a>&nbsp;&nbsp;&nbsp;xTaskPriorityDisinherit
<LI><a href="#[105]">&gt;&gt;</a>&nbsp;&nbsp;&nbsp;vTaskPriorityDisinheritAfterTimeout
<LI><a href="#[111]">&gt;&gt;</a>&nbsp;&nbsp;&nbsp;xTaskIncrementTick
<LI><a href="#[106]">&gt;&gt;</a>&nbsp;&nbsp;&nbsp;vTaskRemoveFromUnorderedEventList
<LI><a href="#[fa]">&gt;&gt;</a>&nbsp;&nbsp;&nbsp;prvSwitchTimerLists
<LI><a href="#[f2]">&gt;&gt;</a>&nbsp;&nbsp;&nbsp;prvProcessReceivedCommands
<LI><a href="#[f0]">&gt;&gt;</a>&nbsp;&nbsp;&nbsp;prvProcessExpiredTimer
<LI><a href="#[e0]">&gt;&gt;</a>&nbsp;&nbsp;&nbsp;prvCheckTasksWaitingTermination
<LI><a href="#[d5]">&gt;&gt;</a>&nbsp;&nbsp;&nbsp;prvAddCurrentTaskToDelayedList
</UL>

<P><STRONG><a name="[10d]"></a>uxTaskResetEventItemValue</STRONG> (Thumb, 26 bytes, Stack size 0 bytes, tasks.o(.text.uxTaskResetEventItemValue))
<BR><BR>[Called By]<UL><LI><a href="#[a2]">&gt;&gt;</a>&nbsp;&nbsp;&nbsp;xEventGroupWaitBits
</UL>

<P><STRONG><a name="[107]"></a>vApplicationGetIdleTaskMemory</STRONG> (Thumb, 26 bytes, Stack size 0 bytes, cmsis_os2.o(.text.vApplicationGetIdleTaskMemory))
<BR><BR>[Called By]<UL><LI><a href="#[d3]">&gt;&gt;</a>&nbsp;&nbsp;&nbsp;vTaskStartScheduler
</UL>

<P><STRONG><a name="[11a]"></a>vApplicationGetTimerTaskMemory</STRONG> (Thumb, 26 bytes, Stack size 0 bytes, cmsis_os2.o(.text.vApplicationGetTimerTaskMemory))
<BR><BR>[Called By]<UL><LI><a href="#[109]">&gt;&gt;</a>&nbsp;&nbsp;&nbsp;xTimerCreateTimerTask
</UL>

<P><STRONG><a name="[10b]"></a>vApplicationStackOverflowHook</STRONG> (Thumb, 2 bytes, Stack size 0 bytes, cmsis_os2.o(.text.vApplicationStackOverflowHook))
<BR><BR>[Called By]<UL><LI><a href="#[6d]">&gt;&gt;</a>&nbsp;&nbsp;&nbsp;vTaskSwitchContext
</UL>

<P><STRONG><a name="[de]"></a>vListInitialise</STRONG> (Thumb, 22 bytes, Stack size 0 bytes, list.o(.text.vListInitialise))
<BR><BR>[Called By]<UL><LI><a href="#[d2]">&gt;&gt;</a>&nbsp;&nbsp;&nbsp;xEventGroupCreate
<LI><a href="#[e9]">&gt;&gt;</a>&nbsp;&nbsp;&nbsp;xQueueGenericReset
<LI><a href="#[dd]">&gt;&gt;</a>&nbsp;&nbsp;&nbsp;prvCheckForValidListAndQueue
<LI><a href="#[db]">&gt;&gt;</a>&nbsp;&nbsp;&nbsp;prvInitialiseTaskLists
</UL>

<P><STRONG><a name="[eb]"></a>vListInitialiseItem</STRONG> (Thumb, 6 bytes, Stack size 0 bytes, list.o(.text.vListInitialiseItem))
<BR><BR>[Called By]<UL><LI><a href="#[ea]">&gt;&gt;</a>&nbsp;&nbsp;&nbsp;prvInitialiseNewTask
</UL>

<P><STRONG><a name="[d8]"></a>vListInsert</STRONG> (Thumb, 58 bytes, Stack size 8 bytes, list.o(.text.vListInsert))
[...]
<BR><BR>[Called By]<UL><LI><a href="#[8d]">&gt;&gt;</a>&nbsp;&nbsp;&nbsp;__printf
</UL>

<P><STRONG><a name="[7c]"></a>_get_lc_numeric</STRONG> (Thumb, 44 bytes, Stack size 8 bytes, lc_numeric_c.o(locale$$code))
<BR><BR>[Stack]<UL><LI>Max Depth = 16<LI>Call Chain = _get_lc_numeric &rArr; strcmp
</UL>
<BR>[Calls]<UL><LI><a href="#[120]">&gt;&gt;</a>&nbsp;&nbsp;&nbsp;strcmp
</UL>
<BR>[Called By]<UL><LI><a href="#[7b]">&gt;&gt;</a>&nbsp;&nbsp;&nbsp;__rt_lib_init_lc_numeric_2
</UL>

<P><STRONG><a name="[78]"></a>_fp_init</STRONG> (Thumb, 26 bytes, Stack size 0 bytes, fpinit.o(x$fpl$fpinit))
<BR><BR>[Called By]<UL><LI><a href="#[77]">&gt;&gt;</a>&nbsp;&nbsp;&nbsp;__rt_lib_init_fp_1
</UL>

<P><STRONG><a name="[152]"></a>__fplib_config_fpu_vfp</STRONG> (Thumb, 0 bytes, Stack size unknown bytes, fpinit.o(x$fpl$fpinit), UNUSED)

<P><STRONG><a name="[153]"></a>__fplib_config_pureend_doubles</STRONG> (Thumb, 0 bytes, Stack size unknown bytes, fpinit.o(x$fpl$fpinit), UNUSED)

<P><STRONG><a name="[74]"></a>_printf_fp_dec</STRONG> (Thumb, 4 bytes, Stack size 0 bytes, printf1.o(x$fpl$printf1))
<BR><BR>[Stack]<UL><LI>Max Depth = 324<LI>Call Chain = _printf_fp_dec &rArr; _printf_fp_dec_real &rArr; _fp_digits &rArr; _btod_etento &rArr; _btod_emul &rArr; _e2e
</UL>
<BR>[Calls]<UL><LI><a href="#[9a]">&gt;&gt;</a>&nbsp;&nbsp;&nbsp;_printf_fp_dec_real
</UL>
<BR>[Called By]<UL><LI><a href="#[73]">&gt;&gt;</a>&nbsp;&nbsp;&nbsp;_printf_f
</UL>
<P>
<H3>
Local Symbols
</H3>
<P><STRONG><a name="[b4]"></a>LCDConvCharSeg</STRONG> (Thumb, 692 bytes, Stack size 8 bytes, lcd.o(.text.LCDConvCharSeg))
<BR><BR>[Stack]<UL><LI>Max Depth = 8<LI>Call Chain = LCDConvCharSeg
</UL>
<BR>[Called By]<UL><LI><a href="#[ae]">&gt;&gt;</a>&nbsp;&nbsp;&nbsp;LCDWriteChar
</UL>

<P><STRONG><a name="[c8]"></a>__NVIC_EnableIRQ</STRONG> (Thumb, 22 bytes, Stack size 0 bytes, timer.o(.text.__NVIC_EnableIRQ))
<BR><BR>[Called By]<UL><LI><a href="#[c6]">&gt;&gt;</a>&nbsp;&nbsp;&nbsp;TIM2_CH1_InCapt_SM
</UL>

<P><STRONG><a name="[c7]"></a>__NVIC_SetPriority</STRONG> (Thumb, 16 bytes, Stack size 0 bytes, timer.o(.text.__NVIC_SetPriority))
<BR><BR>[Called By]<UL><LI><a href="#[c6]">&gt;&gt;</a>&nbsp;&nbsp;&nbsp;TIM2_CH1_InCapt_SM
</UL>

<P><STRONG><a name="[cb]"></a>os_kernel_is_active</STRONG> (Thumb, 36 bytes, Stack size 8 bytes, clib_arm.o(.text.os_kernel_is_active), UNUSED, KEPT)
<BR><BR>[Stack]<UL><LI>Max Depth = 8<LI>Call Chain = os_kernel_is_active
</UL>
<BR>[Calls]<UL><LI><a href="#[c4]">&gt;&gt;</a>&nbsp;&nbsp;&nbsp;xTaskGetSchedulerState
</UL>
<BR>[Called By]<UL><LI><a href="#[6b]">&gt;&gt;</a>&nbsp;&nbsp;&nbsp;_mutex_release
<LI><a href="#[69]">&gt;&gt;</a>&nbsp;&nbsp;&nbsp;_mutex_initialize
<LI><a href="#[6a]">&gt;&gt;</a>&nbsp;&nbsp;&nbsp;_mutex_acquire
</UL>

<P><STRONG><a name="[10c]"></a>prvTestWaitCondition</STRONG> (Thumb, 24 bytes, Stack size 0 bytes, event_groups.o(.text.prvTestWaitCondition))
<BR><BR>[Called By]<UL><LI><a href="#[a2]">&gt;&gt;</a>&nbsp;&nbsp;&nbsp;xEventGroupWaitBits
</UL>

<P><STRONG><a name="[110]"></a>prvPortStartFirstTask</STRONG> (Thumb, 40 bytes, Stack size 0 bytes, port.o(.text.prvPortStartFirstTask))
<BR><BR>[Called By]<UL><LI><a href="#[10a]">&gt;&gt;</a>&nbsp;&nbsp;&nbsp;xPortStartScheduler
</UL>

<P><STRONG><a name="[66]"></a>prvTaskExitError</STRONG> (Thumb, 34 bytes, Stack size 4 bytes, port.o(.text.prvTaskExitError))
<BR><BR>[Stack]<UL><LI>Max Depth = 4<LI>Call Chain = prvTaskExitError
</UL>
<BR>[Called By]<UL><LI><a href="#[10a]">&gt;&gt;</a>&nbsp;&nbsp;&nbsp;xPortStartScheduler
</UL>
<BR>[Address Reference Count : 1]<UL><LI> port.o(.text.pxPortInitialiseStack)
</UL>
<P><STRONG><a name="[10f]"></a>vPortEnableVFP</STRONG> (Thumb, 20 bytes, Stack size 0 bytes, port.o(.text.vPortEnableVFP))
<BR><BR>[Called By]<UL><LI><a href="#[10a]">&gt;&gt;</a>&nbsp;&nbsp;&nbsp;xPortStartScheduler
</UL>

<P><STRONG><a name="[100]"></a>prvHeapInit</STRONG> (Thumb, 118 bytes, Stack size 0 bytes, heap_4.o(.text.prvHeapInit))
<BR><BR>[Called By]<UL><LI><a href="#[ff]">&gt;&gt;</a>&nbsp;&nbsp;&nbsp;pvPortMalloc
</UL>

<P><STRONG><a name="[101]"></a>prvInsertBlockIntoFreeList</STRONG> (Thumb, 98 bytes, Stack size 8 bytes, heap_4.o(.text.prvInsertBlockIntoFreeList))
<BR><BR>[Stack]<UL><LI>Max Depth = 8<LI>Call Chain = prvInsertBlockIntoFreeList
</UL>
<BR>[Called By]<UL><LI><a href="#[e6]">&gt;&gt;</a>&nbsp;&nbsp;&nbsp;vPortFree
<LI><a href="#[ff]">&gt;&gt;</a>&nbsp;&nbsp;&nbsp;pvPortMalloc
</UL>

<P><STRONG><a name="[e2]"></a>prvCopyDataFromQueue</STRONG> (Thumb, 38 bytes, Stack size 8 bytes, queue.o(.text.prvCopyDataFromQueue))
<BR><BR>[Stack]<UL><LI>Max Depth = 8<LI>Call Chain = prvCopyDataFromQueue
</UL>
<BR>[Calls]<UL><LI><a href="#[e3]">&gt;&gt;</a>&nbsp;&nbsp;&nbsp;__aeabi_memcpy
</UL>
<BR>[Called By]<UL><LI><a href="#[f3]">&gt;&gt;</a>&nbsp;&nbsp;&nbsp;xQueueReceive
</UL>

<P><STRONG><a name="[e4]"></a>prvCopyDataToQueue</STRONG> (Thumb, 122 bytes, Stack size 16 bytes, queue.o(.text.prvCopyDataToQueue))
<BR><BR>[Stack]<UL><LI>Max Depth = 32<LI>Call Chain = prvCopyDataToQueue &rArr; xTaskPriorityDisinherit
</UL>
<BR>[Calls]<UL><LI><a href="#[e5]">&gt;&gt;</a>&nbsp;&nbsp;&nbsp;xTaskPriorityDisinherit
<LI><a href="#[e3]">&gt;&gt;</a>&nbsp;&nbsp;&nbsp;__aeabi_memcpy
</UL>
<BR>[Called By]<UL><LI><a href="#[115]">&gt;&gt;</a>&nbsp;&nbsp;&nbsp;xQueueGenericSendFromISR
<LI><a href="#[d0]">&gt;&gt;</a>&nbsp;&nbsp;&nbsp;xQueueGenericSend
</UL>

<P><STRONG><a name="[118]"></a>prvGetDisinheritPriorityAfterTimeout</STRONG> (Thumb, 18 bytes, Stack size 0 bytes, queue.o(.text.prvGetDisinheritPriorityAfterTimeout), UNUSED, KEPT)
<BR><BR>[Called By]<UL><LI><a href="#[cc]">&gt;&gt;</a>&nbsp;&nbsp;&nbsp;xQueueSemaphoreTake
</UL>

<P><STRONG><a name="[e7]"></a>prvInitialiseMutex</STRONG> (Thumb, 32 bytes, Stack size 8 bytes, queue.o(.text.prvInitialiseMutex), UNUSED, KEPT)
<BR><BR>[Stack]<UL><LI>Max Depth = 136<LI>Call Chain = prvInitialiseMutex &rArr; xQueueGenericSend &rArr; xTaskResumeAll &rArr; xTaskIncrementTick
</UL>
<BR>[Calls]<UL><LI><a href="#[d0]">&gt;&gt;</a>&nbsp;&nbsp;&nbsp;xQueueGenericSend
</UL>
<BR>[Called By]<UL><LI><a href="#[cf]">&gt;&gt;</a>&nbsp;&nbsp;&nbsp;xQueueCreateMutexStatic
<LI><a href="#[ce]">&gt;&gt;</a>&nbsp;&nbsp;&nbsp;xQueueCreateMutex
</UL>

<P><STRONG><a name="[e8]"></a>prvInitialiseNewQueue</STRONG> (Thumb, 32 bytes, Stack size 16 bytes, queue.o(.text.prvInitialiseNewQueue))
<BR><BR>[Stack]<UL><LI>Max Depth = 48<LI>Call Chain = prvInitialiseNewQueue &rArr; xQueueGenericReset &rArr; xTaskRemoveFromEventList
</UL>
<BR>[Calls]<UL><LI><a href="#[e9]">&gt;&gt;</a>&nbsp;&nbsp;&nbsp;xQueueGenericReset
</UL>
<BR>[Called By]<UL><LI><a href="#[df]">&gt;&gt;</a>&nbsp;&nbsp;&nbsp;xQueueGenericCreateStatic
<LI><a href="#[112]">&gt;&gt;</a>&nbsp;&nbsp;&nbsp;xQueueGenericCreate
</UL>

<P><STRONG><a name="[ee]"></a>prvIsQueueEmpty</STRONG> (Thumb, 24 bytes, Stack size 8 bytes, queue.o(.text.prvIsQueueEmpty))
<BR><BR>[Stack]<UL><LI>Max Depth = 8<LI>Call Chain = prvIsQueueEmpty
</UL>
<BR>[Calls]<UL><LI><a href="#[dc]">&gt;&gt;</a>&nbsp;&nbsp;&nbsp;vPortExitCritical
<LI><a href="#[da]">&gt;&gt;</a>&nbsp;&nbsp;&nbsp;vPortEnterCritical
</UL>
<BR>[Called By]<UL><LI><a href="#[f3]">&gt;&gt;</a>&nbsp;&nbsp;&nbsp;xQueueReceive
<LI><a href="#[cc]">&gt;&gt;</a>&nbsp;&nbsp;&nbsp;xQueueSemaphoreTake
</UL>

<P><STRONG><a name="[ef]"></a>prvIsQueueFull</STRONG> (Thumb, 28 bytes, Stack size 8 bytes, queue.o(.text.prvIsQueueFull))
<BR><BR>[Stack]<UL><LI>Max Depth = 8<LI>Call Chain = prvIsQueueFull
</UL>
<BR>[Calls]<UL><LI><a href="#[dc]">&gt;&gt;</a>&nbsp;&nbsp;&nbsp;vPortExitCritical
<LI><a href="#[da]">&gt;&gt;</a>&nbsp;&nbsp;&nbsp;vPortEnterCritical
</UL>
<BR>[Called By]<UL><LI><a href="#[d0]">&gt;&gt;</a>&nbsp;&nbsp;&nbsp;xQueueGenericSend
</UL>

<P><STRONG><a name="[fc]"></a>prvUnlockQueue</STRONG> (Thumb, 114 bytes, Stack size 24 bytes, queue.o(.text.prvUnlockQueue))
<BR><BR>[Stack]<UL><LI>Max Depth = 40<LI>Call Chain = prvUnlockQueue &rArr; xTaskRemoveFromEventList
</UL>
<BR>[Calls]<UL><LI><a href="#[dc]">&gt;&gt;</a>&nbsp;&nbsp;&nbsp;vPortExitCritical
<LI><a href="#[da]">&gt;&gt;</a>&nbsp;&nbsp;&nbsp;vPortEnterCritical
<LI><a href="#[fd]">&gt;&gt;</a>&nbsp;&nbsp;&nbsp;xTaskRemoveFromEventList
<LI><a href="#[fe]">&gt;&gt;</a>&nbsp;&nbsp;&nbsp;vTaskMissedYield
</UL>
<BR>[Called By]<UL><LI><a href="#[f3]">&gt;&gt;</a>&nbsp;&nbsp;&nbsp;xQueueReceive
<LI><a href="#[cc]">&gt;&gt;</a>&nbsp;&nbsp;&nbsp;xQueueSemaphoreTake
<LI><a href="#[d0]">&gt;&gt;</a>&nbsp;&nbsp;&nbsp;xQueueGenericSend
<LI><a href="#[f8]">&gt;&gt;</a>&nbsp;&nbsp;&nbsp;vQueueWaitForMessageRestricted
</UL>

<P><STRONG><a name="[d5]"></a>prvAddCurrentTaskToDelayedList</STRONG> (Thumb, 128 bytes, Stack size 24 bytes, tasks.o(.text.prvAddCurrentTaskToDelayedList))
<BR><BR>[Stack]<UL><LI>Max Depth = 32<LI>Call Chain = prvAddCurrentTaskToDelayedList &rArr; vListInsert
</UL>
<BR>[Calls]<UL><LI><a href="#[d7]">&gt;&gt;</a>&nbsp;&nbsp;&nbsp;vListInsertEnd
<LI><a href="#[d8]">&gt;&gt;</a>&nbsp;&nbsp;&nbsp;vListInsert
<LI><a href="#[d6]">&gt;&gt;</a>&nbsp;&nbsp;&nbsp;uxListRemove
</UL>
<BR>[Called By]<UL><LI><a href="#[a4]">&gt;&gt;</a>&nbsp;&nbsp;&nbsp;vTaskDelay
<LI><a href="#[102]">&gt;&gt;</a>&nbsp;&nbsp;&nbsp;vTaskPlaceOnEventListRestricted
<LI><a href="#[103]">&gt;&gt;</a>&nbsp;&nbsp;&nbsp;vTaskPlaceOnEventList
<LI><a href="#[104]">&gt;&gt;</a>&nbsp;&nbsp;&nbsp;vTaskPlaceOnUnorderedEventList
</UL>

<P><STRONG><a name="[d9]"></a>prvAddNewTaskToReadyList</STRONG> (Thumb, 172 bytes, Stack size 16 bytes, tasks.o(.text.prvAddNewTaskToReadyList))
<BR><BR>[Stack]<UL><LI>Max Depth = 32<LI>Call Chain = prvAddNewTaskToReadyList &rArr; prvInitialiseTaskLists
</UL>
<BR>[Calls]<UL><LI><a href="#[dc]">&gt;&gt;</a>&nbsp;&nbsp;&nbsp;vPortExitCritical
<LI><a href="#[da]">&gt;&gt;</a>&nbsp;&nbsp;&nbsp;vPortEnterCritical
<LI><a href="#[d7]">&gt;&gt;</a>&nbsp;&nbsp;&nbsp;vListInsertEnd
<LI><a href="#[db]">&gt;&gt;</a>&nbsp;&nbsp;&nbsp;prvInitialiseTaskLists
</UL>
<BR>[Called By]<UL><LI><a href="#[a1]">&gt;&gt;</a>&nbsp;&nbsp;&nbsp;xTaskCreate
<LI><a href="#[108]">&gt;&gt;</a>&nbsp;&nbsp;&nbsp;xTaskCreateStatic
</UL>

<P><STRONG><a name="[e0]"></a>prvCheckTasksWaitingTermination</STRONG> (Thumb, 78 bytes, Stack size 24 bytes, tasks.o(.text.prvCheckTasksWaitingTermination))
<BR><BR>[Stack]<UL><LI>Max Depth = 128<LI>Call Chain = prvCheckTasksWaitingTermination &rArr; prvDeleteTCB &rArr; vPortFree &rArr; xTaskResumeAll &rArr; xTaskIncrementTick
</UL>
<BR>[Calls]<UL><LI><a href="#[dc]">&gt;&gt;</a>&nbsp;&nbsp;&nbsp;vPortExitCritical
<LI><a href="#[da]">&gt;&gt;</a>&nbsp;&nbsp;&nbsp;vPortEnterCritical
<LI><a href="#[d6]">&gt;&gt;</a>&nbsp;&nbsp;&nbsp;uxListRemove
<LI><a href="#[e1]">&gt;&gt;</a>&nbsp;&nbsp;&nbsp;prvDeleteTCB
</UL>
<BR>[Called By]<UL><LI><a href="#[67]">&gt;&gt;</a>&nbsp;&nbsp;&nbsp;prvIdleTask
</UL>

<P><STRONG><a name="[e1]"></a>prvDeleteTCB</STRONG> (Thumb, 32 bytes, Stack size 8 bytes, tasks.o(.text.prvDeleteTCB))
<BR><BR>[Stack]<UL><LI>Max Depth = 104<LI>Call Chain = prvDeleteTCB &rArr; vPortFree &rArr; xTaskResumeAll &rArr; xTaskIncrementTick
</UL>
<BR>[Calls]<UL><LI><a href="#[e6]">&gt;&gt;</a>&nbsp;&nbsp;&nbsp;vPortFree
</UL>
<BR>[Called By]<UL><LI><a href="#[e0]">&gt;&gt;</a>&nbsp;&nbsp;&nbsp;prvCheckTasksWaitingTermination
</UL>

<P><STRONG><a name="[67]"></a>prvIdleTask</STRONG> (Thumb, 42 bytes, Stack size 0 bytes, tasks.o(.text.prvIdleTask))
<BR><BR>[Stack]<UL><LI>Max Depth = 128<LI>Call Chain = prvIdleTask &rArr; prvCheckTasksWaitingTermination &rArr; prvDeleteTCB &rArr; vPortFree &rArr; xTaskResumeAll &rArr; xTaskIncrementTick
</UL>
<BR>[Calls]<UL><LI><a href="#[e0]">&gt;&gt;</a>&nbsp;&nbsp;&nbsp;prvCheckTasksWaitingTermination
</UL>
<BR>[Address Reference Count : 1]<UL><LI> tasks.o(.text.vTaskStartScheduler)
</UL>
<P><STRONG><a name="[ea]"></a>prvInitialiseNewTask</STRONG> (Thumb, 152 bytes, Stack size 32 bytes, tasks.o(.text.prvInitialiseNewTask))
<BR><BR>[Stack]<UL><LI>Max Depth = 32 + Unknown Stack Size
<LI>Call Chain = prvInitialiseNewTask
</UL>
<BR>[Calls]<UL><LI><a href="#[ec]">&gt;&gt;</a>&nbsp;&nbsp;&nbsp;pxPortInitialiseStack
<LI><a href="#[eb]">&gt;&gt;</a>&nbsp;&nbsp;&nbsp;vListInitialiseItem
<LI><a href="#[92]">&gt;&gt;</a>&nbsp;&nbsp;&nbsp;__aeabi_memset4
</UL>
<BR>[Called By]<UL><LI><a href="#[a1]">&gt;&gt;</a>&nbsp;&nbsp;&nbsp;xTaskCreate
<LI><a href="#[108]">&gt;&gt;</a>&nbsp;&nbsp;&nbsp;xTaskCreateStatic
</UL>

<P><STRONG><a name="[db]"></a>prvInitialiseTaskLists</STRONG> (Thumb, 112 bytes, Stack size 16 bytes, tasks.o(.text.prvInitialiseTaskLists))
<BR><BR>[Stack]<UL><LI>Max Depth = 16<LI>Call Chain = prvInitialiseTaskLists
</UL>
<BR>[Calls]<UL><LI><a href="#[de]">&gt;&gt;</a>&nbsp;&nbsp;&nbsp;vListInitialise
</UL>
<BR>[Called By]<UL><LI><a href="#[d9]">&gt;&gt;</a>&nbsp;&nbsp;&nbsp;prvAddNewTaskToReadyList
</UL>

<P><STRONG><a name="[119]"></a>prvResetNextTaskUnblockTime</STRONG> (Thumb, 38 bytes, Stack size 0 bytes, tasks.o(.text.prvResetNextTaskUnblockTime))
<BR><BR>[Called By]<UL><LI><a href="#[f7]">&gt;&gt;</a>&nbsp;&nbsp;&nbsp;xTaskResumeAll
<LI><a href="#[111]">&gt;&gt;</a>&nbsp;&nbsp;&nbsp;xTaskIncrementTick
</UL>

<P><STRONG><a name="[dd]"></a>prvCheckForValidListAndQueue</STRONG> (Thumb, 106 bytes, Stack size 24 bytes, timers.o(.text.prvCheckForValidListAndQueue))
<BR><BR>[Stack]<UL><LI>Max Depth = 96<LI>Call Chain = prvCheckForValidListAndQueue &rArr; xQueueGenericCreateStatic &rArr; prvInitialiseNewQueue &rArr; xQueueGenericReset &rArr; xTaskRemoveFromEventList
</UL>
<BR>[Calls]<UL><LI><a href="#[df]">&gt;&gt;</a>&nbsp;&nbsp;&nbsp;xQueueGenericCreateStatic
<LI><a href="#[dc]">&gt;&gt;</a>&nbsp;&nbsp;&nbsp;vPortExitCritical
<LI><a href="#[da]">&gt;&gt;</a>&nbsp;&nbsp;&nbsp;vPortEnterCritical
<LI><a href="#[de]">&gt;&gt;</a>&nbsp;&nbsp;&nbsp;vListInitialise
</UL>
<BR>[Called By]<UL><LI><a href="#[109]">&gt;&gt;</a>&nbsp;&nbsp;&nbsp;xTimerCreateTimerTask
</UL>

<P><STRONG><a name="[fb]"></a>prvGetNextExpireTime</STRONG> (Thumb, 32 bytes, Stack size 0 bytes, timers.o(.text.prvGetNextExpireTime))
<BR><BR>[Called By]<UL><LI><a href="#[68]">&gt;&gt;</a>&nbsp;&nbsp;&nbsp;prvTimerTask
</UL>

<P><STRONG><a name="[ed]"></a>prvInsertTimerInActiveList</STRONG> (Thumb, 64 bytes, Stack size 8 bytes, timers.o(.text.prvInsertTimerInActiveList))
<BR><BR>[Stack]<UL><LI>Max Depth = 16<LI>Call Chain = prvInsertTimerInActiveList &rArr; vListInsert
</UL>
<BR>[Calls]<UL><LI><a href="#[d8]">&gt;&gt;</a>&nbsp;&nbsp;&nbsp;vListInsert
</UL>
<BR>[Called By]<UL><LI><a href="#[f2]">&gt;&gt;</a>&nbsp;&nbsp;&nbsp;prvProcessReceivedCommands
<LI><a href="#[f0]">&gt;&gt;</a>&nbsp;&nbsp;&nbsp;prvProcessExpiredTimer
</UL>

<P><STRONG><a name="[f0]"></a>prvProcessExpiredTimer</STRONG> (Thumb, 88 bytes, Stack size 24 bytes, timers.o(.text.prvProcessExpiredTimer))
<BR><BR>[Stack]<UL><LI>Max Depth = 176<LI>Call Chain = prvProcessExpiredTimer &rArr; xTimerGenericCommand &rArr; xQueueGenericSend &rArr; xTaskResumeAll &rArr; xTaskIncrementTick
</UL>
<BR>[Calls]<UL><LI><a href="#[f1]">&gt;&gt;</a>&nbsp;&nbsp;&nbsp;xTimerGenericCommand
<LI><a href="#[d6]">&gt;&gt;</a>&nbsp;&nbsp;&nbsp;uxListRemove
<LI><a href="#[ed]">&gt;&gt;</a>&nbsp;&nbsp;&nbsp;prvInsertTimerInActiveList
</UL>
<BR>[Called By]<UL><LI><a href="#[f5]">&gt;&gt;</a>&nbsp;&nbsp;&nbsp;prvProcessTimerOrBlockTask
</UL>

<P><STRONG><a name="[f2]"></a>prvProcessReceivedCommands</STRONG> (Thumb, 244 bytes, Stack size 48 bytes, timers.o(.text.prvProcessReceivedCommands))
<BR><BR>[Stack]<UL><LI>Max Depth = 248<LI>Call Chain = prvProcessReceivedCommands &rArr; prvSampleTimeNow &rArr; prvSwitchTimerLists &rArr; xTimerGenericCommand &rArr; xQueueGenericSend &rArr; xTaskResumeAll &rArr; xTaskIncrementTick
</UL>
<BR>[Calls]<UL><LI><a href="#[f1]">&gt;&gt;</a>&nbsp;&nbsp;&nbsp;xTimerGenericCommand
<LI><a href="#[f3]">&gt;&gt;</a>&nbsp;&nbsp;&nbsp;xQueueReceive
<LI><a href="#[e6]">&gt;&gt;</a>&nbsp;&nbsp;&nbsp;vPortFree
<LI><a href="#[d6]">&gt;&gt;</a>&nbsp;&nbsp;&nbsp;uxListRemove
<LI><a href="#[f4]">&gt;&gt;</a>&nbsp;&nbsp;&nbsp;prvSampleTimeNow
<LI><a href="#[ed]">&gt;&gt;</a>&nbsp;&nbsp;&nbsp;prvInsertTimerInActiveList
</UL>
<BR>[Called By]<UL><LI><a href="#[68]">&gt;&gt;</a>&nbsp;&nbsp;&nbsp;prvTimerTask
</UL>

<P><STRONG><a name="[f5]"></a>prvProcessTimerOrBlockTask</STRONG> (Thumb, 128 bytes, Stack size 24 bytes, timers.o(.text.prvProcessTimerOrBlockTask))
<BR><BR>[Stack]<UL><LI>Max Depth = 224<LI>Call Chain = prvProcessTimerOrBlockTask &rArr; prvSampleTimeNow &rArr; prvSwitchTimerLists &rArr; xTimerGenericCommand &rArr; xQueueGenericSend &rArr; xTaskResumeAll &rArr; xTaskIncrementTick
</UL>
<BR>[Calls]<UL><LI><a href="#[f7]">&gt;&gt;</a>&nbsp;&nbsp;&nbsp;xTaskResumeAll
<LI><a href="#[f6]">&gt;&gt;</a>&nbsp;&nbsp;&nbsp;vTaskSuspendAll
<LI><a href="#[f8]">&gt;&gt;</a>&nbsp;&nbsp;&nbsp;vQueueWaitForMessageRestricted
<LI><a href="#[f4]">&gt;&gt;</a>&nbsp;&nbsp;&nbsp;prvSampleTimeNow
<LI><a href="#[f0]">&gt;&gt;</a>&nbsp;&nbsp;&nbsp;prvProcessExpiredTimer
</UL>
<BR>[Called By]<UL><LI><a href="#[68]">&gt;&gt;</a>&nbsp;&nbsp;&nbsp;prvTimerTask
</UL>

<P><STRONG><a name="[f4]"></a>prvSampleTimeNow</STRONG> (Thumb, 42 bytes, Stack size 16 bytes, timers.o(.text.prvSampleTimeNow))
<BR><BR>[Stack]<UL><LI>Max Depth = 200<LI>Call Chain = prvSampleTimeNow &rArr; prvSwitchTimerLists &rArr; xTimerGenericCommand &rArr; xQueueGenericSend &rArr; xTaskResumeAll &rArr; xTaskIncrementTick
</UL>
<BR>[Calls]<UL><LI><a href="#[f9]">&gt;&gt;</a>&nbsp;&nbsp;&nbsp;xTaskGetTickCount
<LI><a href="#[fa]">&gt;&gt;</a>&nbsp;&nbsp;&nbsp;prvSwitchTimerLists
</UL>
<BR>[Called By]<UL><LI><a href="#[f5]">&gt;&gt;</a>&nbsp;&nbsp;&nbsp;prvProcessTimerOrBlockTask
<LI><a href="#[f2]">&gt;&gt;</a>&nbsp;&nbsp;&nbsp;prvProcessReceivedCommands
</UL>

<P><STRONG><a name="[fa]"></a>prvSwitchTimerLists</STRONG> (Thumb, 122 bytes, Stack size 32 bytes, timers.o(.text.prvSwitchTimerLists))
<BR><BR>[Stack]<UL><LI>Max Depth = 184<LI>Call Chain = prvSwitchTimerLists &rArr; xTimerGenericCommand &rArr; xQueueGenericSend &rArr; xTaskResumeAll &rArr; xTaskIncrementTick
</UL>
<BR>[Calls]<UL><LI><a href="#[f1]">&gt;&gt;</a>&nbsp;&nbsp;&nbsp;xTimerGenericCommand
<LI><a href="#[d8]">&gt;&gt;</a>&nbsp;&nbsp;&nbsp;vListInsert
<LI><a href="#[d6]">&gt;&gt;</a>&nbsp;&nbsp;&nbsp;uxListRemove
</UL>
<BR>[Called By]<UL><LI><a href="#[f4]">&gt;&gt;</a>&nbsp;&nbsp;&nbsp;prvSampleTimeNow
</UL>

<P><STRONG><a name="[68]"></a>prvTimerTask</STRONG> (Thumb, 22 bytes, Stack size 8 bytes, timers.o(.text.prvTimerTask))
<BR><BR>[Stack]<UL><LI>Max Depth = 256<LI>Call Chain = prvTimerTask &rArr; prvProcessReceivedCommands &rArr; prvSampleTimeNow &rArr; prvSwitchTimerLists &rArr; xTimerGenericCommand &rArr; xQueueGenericSend &rArr; xTaskResumeAll &rArr; xTaskIncrementTick
</UL>
<BR>[Calls]<UL><LI><a href="#[f5]">&gt;&gt;</a>&nbsp;&nbsp;&nbsp;prvProcessTimerOrBlockTask
<LI><a href="#[f2]">&gt;&gt;</a>&nbsp;&nbsp;&nbsp;prvProcessReceivedCommands
<LI><a href="#[fb]">&gt;&gt;</a>&nbsp;&nbsp;&nbsp;prvGetNextExpireTime
</UL>
<BR>[Address Reference Count : 1]<UL><LI> timers.o(.text.xTimerCreateTimerTask)
</UL>
<P><STRONG><a name="[94]"></a>_fp_digits</STRONG> (Thumb, 432 bytes, Stack size 96 bytes, _printf_fp_dec.o(.text))
<BR><BR>[Stack]<UL><LI>Max Depth = 220<LI>Call Chain = _fp_digits &rArr; _btod_etento &rArr; _btod_emul &rArr; _e2e
</UL>
<BR>[Calls]<UL><LI><a href="#[99]">&gt;&gt;</a>&nbsp;&nbsp;&nbsp;_ll_udiv10
<LI><a href="#[98]">&gt;&gt;</a>&nbsp;&nbsp;&nbsp;_btod_emul
<LI><a href="#[97]">&gt;&gt;</a>&nbsp;&nbsp;&nbsp;_btod_ediv
<LI><a href="#[96]">&gt;&gt;</a>&nbsp;&nbsp;&nbsp;_btod_d2e
<LI><a href="#[95]">&gt;&gt;</a>&nbsp;&nbsp;&nbsp;_btod_etento
</UL>
<BR>[Called By]<UL><LI><a href="#[9a]">&gt;&gt;</a>&nbsp;&nbsp;&nbsp;_printf_fp_dec_real
</UL>

<P><STRONG><a name="[5e]"></a>_printf_input_char</STRONG> (Thumb, 10 bytes, Stack size 0 bytes, _printf_char_common.o(.text))
<BR>[Address Reference Count : 1]<UL><LI> _printf_char_common.o(.text)
</UL><P>
<H3>
Undefined Global Symbols
</H3><HR></body></html>
